
> auth-app@0.1.0 test:coverage
> react-scripts test --coverage --watchAll=false --CI=true --runInBand --watchAll=false

node.exe : FAIL src/pages/dashboards/MarketTrades.test.js
At line:1 char:1
+ & "C:\Users\usman\nodejs/node.exe" "C:\Users\usman\nodejs/node_module ...
+ ~~~~~~~~~~~~~~~~~~~~~~~~~~~~~~~~~~~~~~~~~~~~~~~~~~~~~~~~~~~~~~~~~~~~~
    + CategoryInfo          : NotSpecified: (FAIL src/pages/...tTrades.test.js:String) [] 
   , RemoteException
    + FullyQualifiedErrorId : NativeCommandError
 
  ΓùÅ MarketTrades ΓÇ║ shows a pending trade with FREE staff status and Claim button

    Unable to find an element with the text: (_, el) => { var _el$textContent; return (el 
=== null || el === void 0 ? void 0 : (_el$textContent = el.textContent) === null || 
_el$textContent === void 0 ? void 0 : _el$textContent.replace(/\s+/g, ' ').trim()) === 
'Trade #trade-a'; } (normalized from '(_, el) => {
          var _el$textContent;
          return (el === null || el === void 0 ? void 0 : (_el$textContent = 
el.textContent) === null || _el$textContent === void 0 ? void 0 : 
_el$textContent.replace(/\s+/g, ' ').trim()) === 'Trade #trade-a';
        }'). This could be because the text is broken up by multiple elements. In this 
case, you can provide a function for your text matcher to make your matcher more flexible.

    Ignored nodes: comments, script, style
    [36m<body>[39m
      [36m<div>[39m
        [36m<main[39m
          [33mclass[39m=[32m"dashboard-container"[39m
        [36m>[39m
          [36m<section[39m
            [33mclass[39m=[32m"hero-section"[39m
          [36m>[39m
            [36m<span[39m
              [33mclass[39m=[32m"hero-kicker"[39m
            [36m>[39m
              [0mMARKET[0m
            [36m</span>[39m
            [36m<h1[39m
              [33mclass[39m=[32m"hero-title"[39m
            [36m>[39m
              [0mLive marketplace trade queue[0m
            [36m</h1>[39m
            [36m<p[39m
              [33mclass[39m=[32m"hero-description"[39m
            [36m>[39m
              [0mClaim and manage active marketplace exchanges.[0m
            [36m</p>[39m
          [36m</section>[39m
          [36m<section[39m
            [33mstyle[39m=[32m"display: grid; grid-template-columns: 1fr 1fr; gap: 
30px; padding: 40px 10%;"[39m
          [36m>[39m
            [36m<section>[39m
              [36m<h2[39m
                [33mstyle[39m=[32m"color: rgb(10, 25, 47); margin-bottom: 20px;"[39m
              [36m>[39m
                [0mPending Trades[0m
              [36m</h2>[39m
              [36m<article[39m
                [33mclass[39m=[32m"action-block"[39m
                [33mstyle[39m=[32m"margin-bottom: 20px;"[39m
              [36m>[39m
                [36m<h3>[39m
                  [0mTrade #[0m
                  [0mtrade-[0m
                [36m</h3>[39m
                [36m<p>[39m
                  [0mStatus: [0m
                  [0mrequested[0m
                [36m</p>[39m
                [36m<p>[39m
                  [0mStaff:[0m
                  [0m [0m
                  [0mFREE[0m
                [36m</p>[39m
                [36m<button[39m
                  [33mclass[39m=[32m"suspend-btn"[39m
                [36m>[39m
                  [0mClaim Trade[0m
                [36m</button>[39m
              [36m</article>[39m
            [36m</section>[39m
            [36m<section>[39m
              [36m<h2[39m
                [33mstyle[39m=[32m"color: rgb(10, 25, 47); margin-bottom: 20px;"[39m
              [36m>[39m
                [0mCompleted Trades[0m
              [36m</h2>[39m
              [36m<article[39m
                [33mclass[39m=[32m"action-block"[39m
                [33mstyle[39m=[32m"margin-bottom: 20px;"[39m
              [36m>[39m
                [36m<h3>[39m
                  [0mTrade #[0m
                  [0mtrade-[0m
                [36m</h3>[39m
                [36m<p>[39m
                  [0mCOMPLETED[0m
                [36m</p>[39m
              [36m</article>[39m
            [36m</section>[39m
          [36m</section>[39m
        [36m</main>[39m
      [36m</div>[39m
    [36m</body>[39m

    [0m [90m 106 |[39m     render([33m<[39m[33mMarketTrades[39m 
[33m/[39m[33m>[39m)[33m;[39m
     [90m 107 |[39m
    [31m[1m>[22m[39m[90m 108 |[39m     expect([36mawait[39m 
screen[33m.[39mfindByText((_[33m,[39m el) [33m=>[39m el[33m?[39m[33m.[39mtextCon
tent[33m?[39m[33m.[39mreplace([35m/\s+/g[39m[33m,[39m[32m' 
'[39m)[33m.[39mtrim() [33m===[39m [32m'Trade 
#trade-a'[39m))[33m.[39mtoBeInTheDocument()[33m;[39m
     [90m     |[39m                         [31m[1m^[22m[39m
     [90m 109 |[39m     expect(screen[33m.[39mgetByText([35m/FREE/[39m))[33m.[39mt
oBeInTheDocument()[33m;[39m
     [90m 110 |[39m     expect(screen[33m.[39mgetByRole([32m'button'[39m[33m,[39m 
{ name[33m:[39m [32m'Claim Trade'[39m }))[33m.[39mtoBeInTheDocument()[33m;[39m
     [90m 111 |[39m   })[33m;[39m[0m

      at waitForWrapper (node_modules/@testing-library/dom/dist/wait-for.js:163:27)
      at findByText (node_modules/@testing-library/dom/dist/query-helpers.js:86:33)
      at Object.<anonymous> (src/pages/dashboards/MarketTrades.test.js:108:25)

  ΓùÅ MarketTrades ΓÇ║ renders the completed trade entry

    Unable to find an element with the text: (_, el) => { var _el$textContent2; return 
(el === null || el === void 0 ? void 0 : (_el$textContent2 = el.textContent) === null || 
_el$textContent2 === void 0 ? void 0 : _el$textContent2.replace(/\s+/g, ' ').trim()) === 
'Trade #trade-g'; } (normalized from '(_, el) => {
          var _el$textContent2;
          return (el === null || el === void 0 ? void 0 : (_el$textContent2 = 
el.textContent) === null || _el$textContent2 === void 0 ? void 0 : 
_el$textContent2.replace(/\s+/g, ' ').trim()) === 'Trade #trade-g';
        }'). This could be because the text is broken up by multiple elements. In this 
case, you can provide a function for your text matcher to make your matcher more flexible.

    Ignored nodes: comments, script, style
    [36m<body>[39m
      [36m<div>[39m
        [36m<main[39m
          [33mclass[39m=[32m"dashboard-container"[39m
        [36m>[39m
          [36m<section[39m
            [33mclass[39m=[32m"hero-section"[39m
          [36m>[39m
            [36m<span[39m
              [33mclass[39m=[32m"hero-kicker"[39m
            [36m>[39m
              [0mMARKET[0m
            [36m</span>[39m
            [36m<h1[39m
              [33mclass[39m=[32m"hero-title"[39m
            [36m>[39m
              [0mLive marketplace trade queue[0m
            [36m</h1>[39m
            [36m<p[39m
              [33mclass[39m=[32m"hero-description"[39m
            [36m>[39m
              [0mClaim and manage active marketplace exchanges.[0m
            [36m</p>[39m
          [36m</section>[39m
          [36m<section[39m
            [33mstyle[39m=[32m"display: grid; grid-template-columns: 1fr 1fr; gap: 
30px; padding: 40px 10%;"[39m
          [36m>[39m
            [36m<section>[39m
              [36m<h2[39m
                [33mstyle[39m=[32m"color: rgb(10, 25, 47); margin-bottom: 20px;"[39m
              [36m>[39m
                [0mPending Trades[0m
              [36m</h2>[39m
              [36m<article[39m
                [33mclass[39m=[32m"action-block"[39m
                [33mstyle[39m=[32m"margin-bottom: 20px;"[39m
              [36m>[39m
                [36m<h3>[39m
                  [0mTrade #[0m
                  [0mtrade-[0m
                [36m</h3>[39m
                [36m<p>[39m
                  [0mStatus: [0m
                  [0mrequested[0m
                [36m</p>[39m
                [36m<p>[39m
                  [0mStaff:[0m
                  [0m [0m
                  [0mFREE[0m
                [36m</p>[39m
                [36m<button[39m
                  [33mclass[39m=[32m"suspend-btn"[39m
                [36m>[39m
                  [0mClaim Trade[0m
                [36m</button>[39m
              [36m</article>[39m
            [36m</section>[39m
            [36m<section>[39m
              [36m<h2[39m
                [33mstyle[39m=[32m"color: rgb(10, 25, 47); margin-bottom: 20px;"[39m
              [36m>[39m
                [0mCompleted Trades[0m
              [36m</h2>[39m
              [36m<article[39m
                [33mclass[39m=[32m"action-block"[39m
                [33mstyle[39m=[32m"margin-bottom: 20px;"[39m
              [36m>[39m
                [36m<h3>[39m
                  [0mTrade #[0m
                  [0mtrade-[0m
                [36m</h3>[39m
                [36m<p>[39m
                  [0mCOMPLETED[0m
                [36m</p>[39m
              [36m</article>[39m
            [36m</section>[39m
          [36m</section>[39m
        [36m</main>[39m
      [36m</div>[39m
    [36m</body>[39m

    [0m [90m 169 |[39m     render([33m<[39m[33mMarketTrades[39m 
[33m/[39m[33m>[39m)[33m;[39m
     [90m 170 |[39m
    [31m[1m>[22m[39m[90m 171 |[39m     expect([36mawait[39m 
screen[33m.[39mfindByText((_[33m,[39m el) [33m=>[39m el[33m?[39m[33m.[39mtextCon
tent[33m?[39m[33m.[39mreplace([35m/\s+/g[39m[33m,[39m[32m' 
'[39m)[33m.[39mtrim() [33m===[39m [32m'Trade 
#trade-g'[39m))[33m.[39mtoBeInTheDocument()[33m;[39m
     [90m     |[39m                         [31m[1m^[22m[39m
     [90m 172 |[39m     expect(screen[33m.[39mgetByText([32m'COMPLETED'[39m))[33m.
[39mtoBeInTheDocument()[33m;[39m
     [90m 173 |[39m   })[33m;[39m
     [90m 174 |[39m[0m

      at waitForWrapper (node_modules/@testing-library/dom/dist/wait-for.js:163:27)
      at findByText (node_modules/@testing-library/dom/dist/query-helpers.js:86:33)
      at Object.<anonymous> (src/pages/dashboards/MarketTrades.test.js:171:25)

FAIL src/pages/dashboards/MyProfile.test.js
  ΓùÅ MyProfile ΓÇ║ loads the existing application and lets the user withdraw it

    Unable to find an element with the text: (_, el) => { var _el$textContent; return (el 
=== null || el === void 0 ? void 0 : (_el$textContent = el.textContent) === null || 
_el$textContent === void 0 ? void 0 : _el$textContent.replace(/\s+/g, ' ').trim()) === 
'Pending staff'; } (normalized from '(_, el) => {
          var _el$textContent;
          return (el === null || el === void 0 ? void 0 : (_el$textContent = 
el.textContent) === null || _el$textContent === void 0 ? void 0 : 
_el$textContent.replace(/\s+/g, ' ').trim()) === 'Pending staff';
        }'). This could be because the text is broken up by multiple elements. In this 
case, you can provide a function for your text matcher to make your matcher more flexible.

    Ignored nodes: comments, script, style
    [36m<body>[39m
      [36m<div>[39m
        [36m<main[39m
          [33mclass[39m=[32m"mp-container"[39m
        [36m>[39m
          [36m<article[39m
            [33mclass[39m=[32m"mp-card"[39m
          [36m>[39m
            [36m<nav[39m
              [33mclass[39m=[32m"profile-top-nav"[39m
            [36m>[39m
              [36m<button[39m
                [33mclass[39m=[32m"back-btn"[39m
                [33mstyle[39m=[32m"background: none; cursor: pointer; display: flex; 
align-items: center; gap: 8px; font-weight: bold; color: rgb(10, 25, 47);"[39m
              [36m>[39m
                [36m<svg[39m
                  [33mdata-icon[39m=[32m"ArrowLeft"[39m
                  [33mrole[39m=[32m"img"[39m
                  [33msize[39m=[32m"18"[39m
                [36m/>[39m
                [0m Back to Dashboard[0m
              [36m</button>[39m
            [36m</nav>[39m
            [36m<figure[39m
              [33mclass[39m=[32m"profile-avatar-wrap"[39m
            [36m>[39m
              [36m<svg[39m
                [33mclass[39m=[32m"mp-avatar-large"[39m
                [33mdata-icon[39m=[32m"User"[39m
                [33mrole[39m=[32m"img"[39m
                [33msize[39m=[32m"100"[39m
                [33mstyle[39m=[32m"padding: 20px; background: rgb(240, 244, 248); 
color: rgb(0, 48, 73);"[39m
              [36m/>[39m
            [36m</figure>[39m
            [36m<h1[39m
              [33mclass[39m=[32m"mp-name"[39m
            [36m>[39m
              [0mJane Student[0m
            [36m</h1>[39m
            [36m<p[39m
              [33mclass[39m=[32m"mp-student-id"[39m
            [36m>[39m
              [0mStudent ID: [0m
              [0mNot Set[0m
            [36m</p>[39m
            [36m<nav[39m
              [33mclass[39m=[32m"mp-contact-info"[39m
              [33mstyle[39m=[32m"display: flex; justify-content: center; gap: 20px; 
margin-bottom: 20px; color: rgb(102, 102, 102); font-size: 0.9rem;"[39m
            [36m>[39m
              [36m<p[39m
                [33mstyle[39m=[32m"display: flex; align-items: center; gap: 5px;"[39m
              [36m>[39m
                [36m<svg[39m
                  [33mdata-icon[39m=[32m"Phone"[39m
                  [33mrole[39m=[32m"img"[39m
                  [33msize[39m=[32m"14"[39m
                [36m/>[39m
                [0m [0m
                [0mNo contact[0m
              [36m</p>[39m
              [36m<p[39m
                [33mstyle[39m=[32m"display: flex; align-items: center; gap: 5px;"[39m
              [36m>[39m
                [36m<svg[39m
                  [33mdata-icon[39m=[32m"MapPin"[39m
                  [33mrole[39m=[32m"img"[39m
                  [33msize[39m=[32m"14"[39m
                [36m/>[39m
                [0m [0m
                [0mMain Campus[0m
              [36m</p>[39m
            [36m</nav>[39m
            [36m<p[39m
              [33mclass[39m=[32m"mp-bio"[39m
            [36m>[39m
              [0mChemistry major[0m
            [36m</p>[39m
            [36m<section[39m
              [33mclass[39m=[32m"mp-action-group"[39m
            [36m>[39m
              [36m<button[39m
                [33mclass[39m=[32m"mp-btn"[39m
                [33mstyle[39m=[32m"background: rgb(247, 243, 236); color: rgb(13, 27, 
42);"[39m
              [36m>[39m
                [36m<svg[39m
                  [33mdata-icon[39m=[32m"Box"[39m
                  [33mrole[39m=[32m"img"[39m
                  [33msize[39m=[32m"20"[39m
                [36m/>[39m
                [0m My Listings[0m
              [36m</button>[39m
              [36m<button[39m
                [33mclass[39m=[32m"mp-btn"[39m
                [33mdisabled[39m=[32m""[39m
                [33mstyle[39m=[32m"background: rgb(247, 243, 236); color: rgb(13, 27, 
42);"[39m
              [36m>[39m
                [36m<svg[39m
                  [33mdata-icon[39m=[32m"Briefcase"[39m
                  [33mrole[39m=[32m"img"[39m
                  [33msize[39m=[32m"20"[39m
                [36m/>[39m
                [0m Apply Staff[0m
              [36m</button>[39m
              [36m<button[39m
                [33mclass[39m=[32m"mp-btn"[39m
                [33mdisabled[39m=[32m""[39m
                [33mstyle[39m=[32m"background: rgb(247, 243, 236); color: rgb(13, 27, 
42);"[39m
              [36m>[39m
                [36m<svg[39m
                  [33mdata-icon[39m=[32m"ShieldCheck"[39m
                  [33mrole[39m=[32m"img"[39m
                  [33msize[39m=[32m"20"[39m
                [36m/>[39m
                [0m Apply Admin[0m
              [36m</button>[39m
              [36m<button[39m
                [33mclass[39m=[32m"mp-btn mp-btn-edit"[39m
              [36m>[39m
                [36m<svg[39m
                  [33mdata-icon[39m=[32m"Edit3"[39m
                  [33mrole[39m=[32m"img"[39m
                  [33msize[39m=[32m"18"[39m
                [36m/>[39m
                [0m Edit Profile[0m
              [36m</button>[39m
            [36m</section>[39m
          [36m</article>[39m
          [36m<section[39m
            [33mclass[39m=[32m"history-section"[39m
            [33mstyle[39m=[32m"margin-top: 30px;"[39m
          [36m>[39m
            [36m<header[39m
              [33mclass[39m=[32m"section-header"[39m
            [36m>[39m
              [36m<h2[39m
                [33mstyle[39m=[32m"border-left: 6px solid #f3a91e; padding-left: 15px; 
color: rgb(10, 25, 47); font-family: Playfair Display;"[39m
              [36m>[39m
                [0mActivity History[0m
              [36m</h2>[39m
            [36m</header>[39m
            [36m<nav[39m
              [33mclass[39m=[32m"history-tabs"[39m
              [33mstyle[39m=[32m"display: flex; gap: 10px; margin: 20px 0px; 
border-bottom: 1px solid #eee; padding-bottom: 10px;"[39m
            [36m>[39m
              [36m<button[39m
                [33mclass[39m=[32m"active"[39m
                [33mstyle[39m=[32m"background: rgb(240, 247, 255); padding: 10px 20px; 
border-radius: 10px; font-weight: bold; color: rgb(0, 119, 182); cursor: pointer;"[39m
              [36m>[39m
                [0mMy Orders[0m
              [36m</button>[39m
              [36m<button[39m
                [33mclass[39m=[32m""[39m
                [33mstyle[39m=[32m"background: none; padding: 10px 20px; 
border-radius: 10px; font-weight: bold; color: rgb(153, 153, 153); cursor: pointer;"[39m
              [36m>[39m
                [0mMy Sales[0m
              [36m</button>[39m
            [36m</nav>[39m
            [36m<ul[39m
              [33mclass[39m=[32m"history-list"[39m
              [33mstyle[39m=[32m"list-style: none; padding: 0px;"[39m
            [36m>[39m
              [36m<p[39m
                [33mstyle[39m=[32m"text-align: center; color: rgb(204, 204, 204); 
padding: 40px;"[39m
              [36m>[39m
                [0mNo [0m
                [0morders[0m
                [0m found.[0m
              [36m</p>[39m
            [36m</ul>[39m
          [36m</section>[39m
        [36m</main>[39m
      [36m</div>[39m
    [36m</body>[39m

    [0m [90m 86 |[39m     )[33m;[39m
     [90m 87 |[39m
    [31m[1m>[22m[39m[90m 88 |[39m     expect([36mawait[39m 
screen[33m.[39mfindByText((_[33m,[39m el) [33m=>[39m el[33m?[39m[33m.[39mtextCon
tent[33m?[39m[33m.[39mreplace([35m/\s+/g[39m[33m,[39m[32m' 
'[39m)[33m.[39mtrim() [33m===[39m [32m'Pending 
staff'[39m))[33m.[39mtoBeInTheDocument()[33m;[39m
     [90m    |[39m                         [31m[1m^[22m[39m
     [90m 89 |[39m
     [90m 90 |[39m     [36mawait[39m 
userEvent[33m.[39mclick(screen[33m.[39mgetByRole([32m'button'[39m[33m,[39m { 
name[33m:[39m [35m/Withdraw/i[39m }))[33m;[39m
     [90m 91 |[39m[0m

      at waitForWrapper (node_modules/@testing-library/dom/dist/wait-for.js:163:27)
      at findByText (node_modules/@testing-library/dom/dist/query-helpers.js:86:33)
      at Object.<anonymous> (src/pages/dashboards/MyProfile.test.js:88:25)

  ΓùÅ MyProfile ΓÇ║ submits a staff application and returns to the profile view

    TestingLibraryElementError: Unable to find an element with the text: (_, el) => { var 
_el$textContent2; return (el === null || el === void 0 ? void 0 : (_el$textContent2 = 
el.textContent) === null || _el$textContent2 === void 0 ? void 0 : 
_el$textContent2.replace(/\s+/g, ' ').trim()) === 'Apply Staff'; } (normalized from '(_, 
el) => {
          var _el$textContent2;
          return (el === null || el === void 0 ? void 0 : (_el$textContent2 = 
el.textContent) === null || _el$textContent2 === void 0 ? void 0 : 
_el$textContent2.replace(/\s+/g, ' ').trim()) === 'Apply Staff';
        }'). This could be because the text is broken up by multiple elements. In this 
case, you can provide a function for your text matcher to make your matcher more flexible.

    Ignored nodes: comments, script, style
    [36m<body>[39m
      [36m<div>[39m
        [36m<main[39m
          [33mclass[39m=[32m"ls-container"[39m
        [36m>[39m
          [36m<section[39m
            [33maria-hidden[39m=[32m"true"[39m
            [33mclass[39m=[32m"aurora-bg"[39m
          [36m>[39m
            [36m<hr[39m
              [33mclass[39m=[32m"orb orb-1"[39m
            [36m/>[39m
            [36m<hr[39m
              [33mclass[39m=[32m"orb orb-2"[39m
            [36m/>[39m
            [36m<hr[39m
              [33mclass[39m=[32m"orb orb-3"[39m
            [36m/>[39m
          [36m</section>[39m
          [36m<article[39m
            [33mclass[39m=[32m"ls-content"[39m
          [36m>[39m
            [36m<figure[39m
              [33mclass[39m=[32m"ls-animation-wrap"[39m
            [36m>[39m
              [36m<img[39m
                [33malt[39m=[32m"Loading..."[39m
                [33mclass[39m=[32m"ls-graduate-run"[39m
                [33msrc[39m=[32m"/trolleyPush.png"[39m
              [36m/>[39m
              [36m<hr[39m
                [33mclass[39m=[32m"ls-ground-shadow"[39m
              [36m/>[39m
            [36m</figure>[39m
            [36m<h2[39m
              [33mclass[39m=[32m"ls-text"[39m
            [36m>[39m
              [0mLoading UniMart...[0m
            [36m</h2>[39m
          [36m</article>[39m
        [36m</main>[39m
      [36m</div>[39m
    [36m</body>[39m

    [0m [90m 112 |[39m     })[33m;[39m
     [90m 113 |[39m
    [31m[1m>[22m[39m[90m 114 |[39m     [36mconst[39m applyStaffEl [33m=[39m 
screen[33m.[39mgetAllByText((_[33m,[39m el) [33m=>[39m el[33m?[39m[33m.[39mtextC
ontent[33m?[39m[33m.[39mreplace([35m/\s+/g[39m[33m,[39m[32m' 
'[39m)[33m.[39mtrim() [33m===[39m [32m'Apply Staff'[39m)[[35m0[39m][33m;[39m
     [90m     |[39m                                 [31m[1m^[22m[39m
     [90m 115 |[39m     
fireEvent[33m.[39mclick(applyStaffEl[33m.[39mclosest([32m'article'[39m))[33m;[39m
     [90m 116 |[39m
     [90m 117 |[39m     [36mawait[39m userEvent[33m.[39mtype(screen[33m.[39mgetAll
ByRole([32m'textbox'[39m)[[35m0[39m][33m,[39m [32m'Education 
Campus'[39m)[33m;[39m[0m

      at Object.getElementError (node_modules/@testing-library/dom/dist/config.js:37:19)
      at node_modules/@testing-library/dom/dist/query-helpers.js:76:38
      at getAllByText (node_modules/@testing-library/dom/dist/query-helpers.js:109:15)
      at Object.<anonymous> (src/pages/dashboards/MyProfile.test.js:114:33)

  ΓùÅ MyProfile ΓÇ║ wires the profile navigation actions

    expect(jest.fn()).toHaveBeenCalledWith(...expected)

    Expected: "/my-listings"

    Number of calls: 0

    [0m [90m 163 |[39m     expect(onBack)[33m.[39mtoHaveBeenCalled()[33m;[39m
     [90m 164 |[39m     expect(onEditClick)[33m.[39mtoHaveBeenCalled()[33m;[39m
    [31m[1m>[22m[39m[90m 165 |[39m     
expect(navigate)[33m.[39mtoHaveBeenCalledWith([32m'/my-listings'[39m)[33m;[39m
     [90m     |[39m                      [31m[1m^[22m[39m
     [90m 166 |[39m   })[33m;[39m
     [90m 167 |[39m })[33m;[39m[0m

      at Object.<anonymous> (src/pages/dashboards/MyProfile.test.js:165:22)

PASS src/pages/Messages/MessagesPage.test.jsx
FAIL src/pages/dashboards/StudentDashboard.test.js
  ΓùÅ Console

    console.error
      An update to StudentDashboard inside a test was not wrapped in act(...).
      
      When testing, code that causes React state updates should be wrapped into act(...):
      
      act(() => {
        /* fire events that update state */
      });
      /* assert on the output */
      
      This ensures that you're testing the behavior the user would see in the browser. 
Learn more at https://react.dev/link/wrap-tests-with-act

    [0m [90m 46 |[39m       [36mtry[39m {
     [90m 47 |[39m         [36mconst[39m { data[33m:[39m catData } [33m=[39m 
[36mawait[39m supabase[33m.[39m[36mfrom[39m([32m'categories'[39m)[33m.[39mselect
([32m'*'[39m)[33m;[39m
    [31m[1m>[22m[39m[90m 48 |[39m         setCategories(catData [33m||[39m 
[])[33m;[39m
     [90m    |[39m         [31m[1m^[22m[39m
     [90m 49 |[39m
     [90m 50 |[39m         [36mconst[39m { data[33m:[39m recent } [33m=[39m 
[36mawait[39m supabase
     [90m 51 |[39m           [33m.[39m[36mfrom[39m([32m'listings'[39m)[0m

      at node_modules/react-dom/cjs/react-dom-client.development.js:18758:19
      at runWithFiberInDEV 
(node_modules/react-dom/cjs/react-dom-client.development.js:874:13)
      at warnIfUpdatesNotWrappedWithActDEV 
(node_modules/react-dom/cjs/react-dom-client.development.js:18757:9)
      at scheduleUpdateOnFiber 
(node_modules/react-dom/cjs/react-dom-client.development.js:16409:11)
      at dispatchSetStateInternal 
(node_modules/react-dom/cjs/react-dom-client.development.js:9170:13)
      at setCategories (node_modules/react-dom/cjs/react-dom-client.development.js:9127:7)
      at fetchData (src/pages/dashboards/StudentDashboard.js:48:9)

    console.error
      An update to StudentDashboard inside a test was not wrapped in act(...).
      
      When testing, code that causes React state updates should be wrapped into act(...):
      
      act(() => {
        /* fire events that update state */
      });
      /* assert on the output */
      
      This ensures that you're testing the behavior the user would see in the browser. 
Learn more at https://react.dev/link/wrap-tests-with-act

    [0m [90m 93 |[39m       [36mlet[39m filtered [33m=[39m data [33m||[39m 
[][33m;[39m
     [90m 94 |[39m       [36mif[39m (selectedCampus [33m!==[39m [32m'all'[39m) 
filtered [33m=[39m filtered[33m.[39mfilter(i [33m=>[39m i[33m.[39mlocation 
[33m===[39m selectedCampus)[33m;[39m
    [31m[1m>[22m[39m[90m 95 |[39m       setMarketListings(filtered)[33m;[39m
     [90m    |[39m       [31m[1m^[22m[39m
     [90m 96 |[39m     }[33m;[39m
     [90m 97 |[39m     fetchMarket()[33m;[39m
     [90m 98 |[39m   }[33m,[39m [selectedCat[33m,[39m selectedCampus[33m,[39m 
selectedCondition[33m,[39m minPrice[33m,[39m maxPrice])[33m;[39m[0m

      at node_modules/react-dom/cjs/react-dom-client.development.js:18758:19
      at runWithFiberInDEV 
(node_modules/react-dom/cjs/react-dom-client.development.js:874:13)
      at warnIfUpdatesNotWrappedWithActDEV 
(node_modules/react-dom/cjs/react-dom-client.development.js:18757:9)
      at scheduleUpdateOnFiber 
(node_modules/react-dom/cjs/react-dom-client.development.js:16409:11)
      at dispatchSetStateInternal 
(node_modules/react-dom/cjs/react-dom-client.development.js:9170:13)
      at setMarketListings 
(node_modules/react-dom/cjs/react-dom-client.development.js:9127:7)
      at fetchMarket (src/pages/dashboards/StudentDashboard.js:95:7)

  ΓùÅ StudentDashboard ΓÇ║ renders the welcome greeting and quick-action blocks

    TypeError: Cannot read properties of undefined (reading 'on')

    [0m [90m 114 |[39m
     [90m 115 |[39m     [36mconst[39m channel [33m=[39m supabase
    [31m[1m>[22m[39m[90m 116 |[39m       
[33m.[39mchannel([32m`unread-messages-${userId}`[39m)
     [90m     |[39m                                            [31m[1m^[22m[39m
     [90m 117 |[39m       [33m.[39mon(
     [90m 118 |[39m         [32m'postgres_changes'[39m[33m,[39m
     [90m 119 |[39m         { event[33m:[39m [32m'INSERT'[39m[33m,[39m 
schema[33m:[39m [32m'public'[39m[33m,[39m table[33m:[39m [32m'messages'[39m 
}[33m,[39m[0m

      at src/pages/dashboards/StudentDashboard.js:116:44
      at Object.react_stack_bottom_frame 
(node_modules/react-dom/cjs/react-dom-client.development.js:25989:20)
      at runWithFiberInDEV 
(node_modules/react-dom/cjs/react-dom-client.development.js:874:13)
      at commitHookEffectListMount 
(node_modules/react-dom/cjs/react-dom-client.development.js:13249:29)
      at commitHookPassiveMountEffects 
(node_modules/react-dom/cjs/react-dom-client.development.js:13336:11)
      at commitPassiveMountOnFiber 
(node_modules/react-dom/cjs/react-dom-client.development.js:15484:13)
      at recursivelyTraversePassiveMountEffects 
(node_modules/react-dom/cjs/react-dom-client.development.js:15439:11)
      at commitPassiveMountOnFiber 
(node_modules/react-dom/cjs/react-dom-client.development.js:15519:11)
      at flushPassiveEffects 
(node_modules/react-dom/cjs/react-dom-client.development.js:18432:9)
      at node_modules/react-dom/cjs/react-dom-client.development.js:17923:15
      at flushActQueue (node_modules/react/cjs/react.development.js:590:34)
      at Object.<anonymous>.process.env.NODE_ENV.exports.act 
(node_modules/react/cjs/react.development.js:884:10)
      at node_modules/@testing-library/react/dist/act-compat.js:46:25
      at renderRoot (node_modules/@testing-library/react/dist/pure.js:189:26)
      at render (node_modules/@testing-library/react/dist/pure.js:291:10)
      at Object.<anonymous> (src/pages/dashboards/StudentDashboard.test.js:139:11)

  ΓùÅ StudentDashboard ΓÇ║ navigates to /my-listings, /messages, and /browse from 
quick-actions

    TypeError: Cannot read properties of undefined (reading 'on')

    [0m [90m 114 |[39m
     [90m 115 |[39m     [36mconst[39m channel [33m=[39m supabase
    [31m[1m>[22m[39m[90m 116 |[39m       
[33m.[39mchannel([32m`unread-messages-${userId}`[39m)
     [90m     |[39m                                            [31m[1m^[22m[39m
     [90m 117 |[39m       [33m.[39mon(
     [90m 118 |[39m         [32m'postgres_changes'[39m[33m,[39m
     [90m 119 |[39m         { event[33m:[39m [32m'INSERT'[39m[33m,[39m 
schema[33m:[39m [32m'public'[39m[33m,[39m table[33m:[39m [32m'messages'[39m 
}[33m,[39m[0m

      at src/pages/dashboards/StudentDashboard.js:116:44
      at Object.react_stack_bottom_frame 
(node_modules/react-dom/cjs/react-dom-client.development.js:25989:20)
      at runWithFiberInDEV 
(node_modules/react-dom/cjs/react-dom-client.development.js:874:13)
      at commitHookEffectListMount 
(node_modules/react-dom/cjs/react-dom-client.development.js:13249:29)
      at commitHookPassiveMountEffects 
(node_modules/react-dom/cjs/react-dom-client.development.js:13336:11)
      at commitPassiveMountOnFiber 
(node_modules/react-dom/cjs/react-dom-client.development.js:15484:13)
      at recursivelyTraversePassiveMountEffects 
(node_modules/react-dom/cjs/react-dom-client.development.js:15439:11)
      at commitPassiveMountOnFiber 
(node_modules/react-dom/cjs/react-dom-client.development.js:15519:11)
      at flushPassiveEffects 
(node_modules/react-dom/cjs/react-dom-client.development.js:18432:9)
      at node_modules/react-dom/cjs/react-dom-client.development.js:17923:15
      at flushActQueue (node_modules/react/cjs/react.development.js:590:34)
      at Object.<anonymous>.process.env.NODE_ENV.exports.act 
(node_modules/react/cjs/react.development.js:884:10)
      at node_modules/@testing-library/react/dist/act-compat.js:46:25
      at renderRoot (node_modules/@testing-library/react/dist/pure.js:189:26)
      at render (node_modules/@testing-library/react/dist/pure.js:291:10)
      at Object.<anonymous> (src/pages/dashboards/StudentDashboard.test.js:173:11)

  ΓùÅ StudentDashboard ΓÇ║ navigates to /cart when the shopping bag icon is clicked

    TypeError: Cannot read properties of undefined (reading 'on')

    [0m [90m 114 |[39m
     [90m 115 |[39m     [36mconst[39m channel [33m=[39m supabase
    [31m[1m>[22m[39m[90m 116 |[39m       
[33m.[39mchannel([32m`unread-messages-${userId}`[39m)
     [90m     |[39m                                            [31m[1m^[22m[39m
     [90m 117 |[39m       [33m.[39mon(
     [90m 118 |[39m         [32m'postgres_changes'[39m[33m,[39m
     [90m 119 |[39m         { event[33m:[39m [32m'INSERT'[39m[33m,[39m 
schema[33m:[39m [32m'public'[39m[33m,[39m table[33m:[39m [32m'messages'[39m 
}[33m,[39m[0m

      at src/pages/dashboards/StudentDashboard.js:116:44
      at Object.react_stack_bottom_frame 
(node_modules/react-dom/cjs/react-dom-client.development.js:25989:20)
      at runWithFiberInDEV 
(node_modules/react-dom/cjs/react-dom-client.development.js:874:13)
      at commitHookEffectListMount 
(node_modules/react-dom/cjs/react-dom-client.development.js:13249:29)
      at commitHookPassiveMountEffects 
(node_modules/react-dom/cjs/react-dom-client.development.js:13336:11)
      at commitPassiveMountOnFiber 
(node_modules/react-dom/cjs/react-dom-client.development.js:15484:13)
      at recursivelyTraversePassiveMountEffects 
(node_modules/react-dom/cjs/react-dom-client.development.js:15439:11)
      at commitPassiveMountOnFiber 
(node_modules/react-dom/cjs/react-dom-client.development.js:15519:11)
      at flushPassiveEffects 
(node_modules/react-dom/cjs/react-dom-client.development.js:18432:9)
      at node_modules/react-dom/cjs/react-dom-client.development.js:17923:15
      at flushActQueue (node_modules/react/cjs/react.development.js:590:34)
      at Object.<anonymous>.process.env.NODE_ENV.exports.act 
(node_modules/react/cjs/react.development.js:884:10)
      at node_modules/@testing-library/react/dist/act-compat.js:46:25
      at renderRoot (node_modules/@testing-library/react/dist/pure.js:189:26)
      at render (node_modules/@testing-library/react/dist/pure.js:291:10)
      at Object.<anonymous> (src/pages/dashboards/StudentDashboard.test.js:190:11)

  ΓùÅ StudentDashboard ΓÇ║ navigates to /create-listing from the FAB button

    TypeError: Cannot read properties of undefined (reading 'on')

    [0m [90m 114 |[39m
     [90m 115 |[39m     [36mconst[39m channel [33m=[39m supabase
    [31m[1m>[22m[39m[90m 116 |[39m       
[33m.[39mchannel([32m`unread-messages-${userId}`[39m)
     [90m     |[39m                                            [31m[1m^[22m[39m
     [90m 117 |[39m       [33m.[39mon(
     [90m 118 |[39m         [32m'postgres_changes'[39m[33m,[39m
     [90m 119 |[39m         { event[33m:[39m [32m'INSERT'[39m[33m,[39m 
schema[33m:[39m [32m'public'[39m[33m,[39m table[33m:[39m [32m'messages'[39m 
}[33m,[39m[0m

      at src/pages/dashboards/StudentDashboard.js:116:44
      at Object.react_stack_bottom_frame 
(node_modules/react-dom/cjs/react-dom-client.development.js:25989:20)
      at runWithFiberInDEV 
(node_modules/react-dom/cjs/react-dom-client.development.js:874:13)
      at commitHookEffectListMount 
(node_modules/react-dom/cjs/react-dom-client.development.js:13249:29)
      at commitHookPassiveMountEffects 
(node_modules/react-dom/cjs/react-dom-client.development.js:13336:11)
      at commitPassiveMountOnFiber 
(node_modules/react-dom/cjs/react-dom-client.development.js:15484:13)
      at recursivelyTraversePassiveMountEffects 
(node_modules/react-dom/cjs/react-dom-client.development.js:15439:11)
      at commitPassiveMountOnFiber 
(node_modules/react-dom/cjs/react-dom-client.development.js:15519:11)
      at flushPassiveEffects 
(node_modules/react-dom/cjs/react-dom-client.development.js:18432:9)
      at node_modules/react-dom/cjs/react-dom-client.development.js:17923:15
      at flushActQueue (node_modules/react/cjs/react.development.js:590:34)
      at Object.<anonymous>.process.env.NODE_ENV.exports.act 
(node_modules/react/cjs/react.development.js:884:10)
      at node_modules/@testing-library/react/dist/act-compat.js:46:25
      at renderRoot (node_modules/@testing-library/react/dist/pure.js:189:26)
      at render (node_modules/@testing-library/react/dist/pure.js:291:10)
      at Object.<anonymous> (src/pages/dashboards/StudentDashboard.test.js:206:11)

  ΓùÅ StudentDashboard ΓÇ║ opens the burger menu and shows profile and logout options

    TypeError: Cannot read properties of undefined (reading 'on')

    [0m [90m 114 |[39m
     [90m 115 |[39m     [36mconst[39m channel [33m=[39m supabase
    [31m[1m>[22m[39m[90m 116 |[39m       
[33m.[39mchannel([32m`unread-messages-${userId}`[39m)
     [90m     |[39m                                            [31m[1m^[22m[39m
     [90m 117 |[39m       [33m.[39mon(
     [90m 118 |[39m         [32m'postgres_changes'[39m[33m,[39m
     [90m 119 |[39m         { event[33m:[39m [32m'INSERT'[39m[33m,[39m 
schema[33m:[39m [32m'public'[39m[33m,[39m table[33m:[39m [32m'messages'[39m 
}[33m,[39m[0m

      at src/pages/dashboards/StudentDashboard.js:116:44
      at Object.react_stack_bottom_frame 
(node_modules/react-dom/cjs/react-dom-client.development.js:25989:20)
      at runWithFiberInDEV 
(node_modules/react-dom/cjs/react-dom-client.development.js:874:13)
      at commitHookEffectListMount 
(node_modules/react-dom/cjs/react-dom-client.development.js:13249:29)
      at commitHookPassiveMountEffects 
(node_modules/react-dom/cjs/react-dom-client.development.js:13336:11)
      at commitPassiveMountOnFiber 
(node_modules/react-dom/cjs/react-dom-client.development.js:15484:13)
      at recursivelyTraversePassiveMountEffects 
(node_modules/react-dom/cjs/react-dom-client.development.js:15439:11)
      at commitPassiveMountOnFiber 
(node_modules/react-dom/cjs/react-dom-client.development.js:15519:11)
      at flushPassiveEffects 
(node_modules/react-dom/cjs/react-dom-client.development.js:18432:9)
      at node_modules/react-dom/cjs/react-dom-client.development.js:17923:15
      at flushActQueue (node_modules/react/cjs/react.development.js:590:34)
      at Object.<anonymous>.process.env.NODE_ENV.exports.act 
(node_modules/react/cjs/react.development.js:884:10)
      at node_modules/@testing-library/react/dist/act-compat.js:46:25
      at renderRoot (node_modules/@testing-library/react/dist/pure.js:189:26)
      at render (node_modules/@testing-library/react/dist/pure.js:291:10)
      at Object.<anonymous> (src/pages/dashboards/StudentDashboard.test.js:217:11)

  ΓùÅ StudentDashboard ΓÇ║ closes the burger menu and shows the profile view when My 
Profile is clicked

    TypeError: Cannot read properties of undefined (reading 'on')

    [0m [90m 114 |[39m
     [90m 115 |[39m     [36mconst[39m channel [33m=[39m supabase
    [31m[1m>[22m[39m[90m 116 |[39m       
[33m.[39mchannel([32m`unread-messages-${userId}`[39m)
     [90m     |[39m                                            [31m[1m^[22m[39m
     [90m 117 |[39m       [33m.[39mon(
     [90m 118 |[39m         [32m'postgres_changes'[39m[33m,[39m
     [90m 119 |[39m         { event[33m:[39m [32m'INSERT'[39m[33m,[39m 
schema[33m:[39m [32m'public'[39m[33m,[39m table[33m:[39m [32m'messages'[39m 
}[33m,[39m[0m

      at src/pages/dashboards/StudentDashboard.js:116:44
      at Object.react_stack_bottom_frame 
(node_modules/react-dom/cjs/react-dom-client.development.js:25989:20)
      at runWithFiberInDEV 
(node_modules/react-dom/cjs/react-dom-client.development.js:874:13)
      at commitHookEffectListMount 
(node_modules/react-dom/cjs/react-dom-client.development.js:13249:29)
      at commitHookPassiveMountEffects 
(node_modules/react-dom/cjs/react-dom-client.development.js:13336:11)
      at commitPassiveMountOnFiber 
(node_modules/react-dom/cjs/react-dom-client.development.js:15484:13)
      at recursivelyTraversePassiveMountEffects 
(node_modules/react-dom/cjs/react-dom-client.development.js:15439:11)
      at commitPassiveMountOnFiber 
(node_modules/react-dom/cjs/react-dom-client.development.js:15519:11)
      at flushPassiveEffects 
(node_modules/react-dom/cjs/react-dom-client.development.js:18432:9)
      at node_modules/react-dom/cjs/react-dom-client.development.js:17923:15
      at flushActQueue (node_modules/react/cjs/react.development.js:590:34)
      at Object.<anonymous>.process.env.NODE_ENV.exports.act 
(node_modules/react/cjs/react.development.js:884:10)
      at node_modules/@testing-library/react/dist/act-compat.js:46:25
      at renderRoot (node_modules/@testing-library/react/dist/pure.js:189:26)
      at render (node_modules/@testing-library/react/dist/pure.js:291:10)
      at Object.<anonymous> (src/pages/dashboards/StudentDashboard.test.js:234:11)

  ΓùÅ StudentDashboard ΓÇ║ signs out and navigates to home on Logout click

    TypeError: Cannot read properties of undefined (reading 'on')

    [0m [90m 114 |[39m
     [90m 115 |[39m     [36mconst[39m channel [33m=[39m supabase
    [31m[1m>[22m[39m[90m 116 |[39m       
[33m.[39mchannel([32m`unread-messages-${userId}`[39m)
     [90m     |[39m                                            [31m[1m^[22m[39m
     [90m 117 |[39m       [33m.[39mon(
     [90m 118 |[39m         [32m'postgres_changes'[39m[33m,[39m
     [90m 119 |[39m         { event[33m:[39m [32m'INSERT'[39m[33m,[39m 
schema[33m:[39m [32m'public'[39m[33m,[39m table[33m:[39m [32m'messages'[39m 
}[33m,[39m[0m

      at src/pages/dashboards/StudentDashboard.js:116:44
      at Object.react_stack_bottom_frame 
(node_modules/react-dom/cjs/react-dom-client.development.js:25989:20)
      at runWithFiberInDEV 
(node_modules/react-dom/cjs/react-dom-client.development.js:874:13)
      at commitHookEffectListMount 
(node_modules/react-dom/cjs/react-dom-client.development.js:13249:29)
      at commitHookPassiveMountEffects 
(node_modules/react-dom/cjs/react-dom-client.development.js:13336:11)
      at commitPassiveMountOnFiber 
(node_modules/react-dom/cjs/react-dom-client.development.js:15484:13)
      at recursivelyTraversePassiveMountEffects 
(node_modules/react-dom/cjs/react-dom-client.development.js:15439:11)
      at commitPassiveMountOnFiber 
(node_modules/react-dom/cjs/react-dom-client.development.js:15519:11)
      at flushPassiveEffects 
(node_modules/react-dom/cjs/react-dom-client.development.js:18432:9)
      at node_modules/react-dom/cjs/react-dom-client.development.js:17923:15
      at flushActQueue (node_modules/react/cjs/react.development.js:590:34)
      at Object.<anonymous>.process.env.NODE_ENV.exports.act 
(node_modules/react/cjs/react.development.js:884:10)
      at node_modules/@testing-library/react/dist/act-compat.js:46:25
      at renderRoot (node_modules/@testing-library/react/dist/pure.js:189:26)
      at render (node_modules/@testing-library/react/dist/pure.js:291:10)
      at Object.<anonymous> (src/pages/dashboards/StudentDashboard.test.js:252:11)

  ΓùÅ StudentDashboard ΓÇ║ shows empty state when no market listings match

    TypeError: Cannot read properties of undefined (reading 'on')

    [0m [90m 114 |[39m
     [90m 115 |[39m     [36mconst[39m channel [33m=[39m supabase
    [31m[1m>[22m[39m[90m 116 |[39m       
[33m.[39mchannel([32m`unread-messages-${userId}`[39m)
     [90m     |[39m                                            [31m[1m^[22m[39m
     [90m 117 |[39m       [33m.[39mon(
     [90m 118 |[39m         [32m'postgres_changes'[39m[33m,[39m
     [90m 119 |[39m         { event[33m:[39m [32m'INSERT'[39m[33m,[39m 
schema[33m:[39m [32m'public'[39m[33m,[39m table[33m:[39m [32m'messages'[39m 
}[33m,[39m[0m

      at src/pages/dashboards/StudentDashboard.js:116:44
      at Object.react_stack_bottom_frame 
(node_modules/react-dom/cjs/react-dom-client.development.js:25989:20)
      at runWithFiberInDEV 
(node_modules/react-dom/cjs/react-dom-client.development.js:874:13)
      at commitHookEffectListMount 
(node_modules/react-dom/cjs/react-dom-client.development.js:13249:29)
      at commitHookPassiveMountEffects 
(node_modules/react-dom/cjs/react-dom-client.development.js:13336:11)
      at commitPassiveMountOnFiber 
(node_modules/react-dom/cjs/react-dom-client.development.js:15484:13)
      at recursivelyTraversePassiveMountEffects 
(node_modules/react-dom/cjs/react-dom-client.development.js:15439:11)
      at commitPassiveMountOnFiber 
(node_modules/react-dom/cjs/react-dom-client.development.js:15519:11)
      at flushPassiveEffects 
(node_modules/react-dom/cjs/react-dom-client.development.js:18432:9)
      at node_modules/react-dom/cjs/react-dom-client.development.js:17923:15
      at flushActQueue (node_modules/react/cjs/react.development.js:590:34)
      at Object.<anonymous>.process.env.NODE_ENV.exports.act 
(node_modules/react/cjs/react.development.js:884:10)
      at node_modules/@testing-library/react/dist/act-compat.js:46:25
      at renderRoot (node_modules/@testing-library/react/dist/pure.js:189:26)
      at render (node_modules/@testing-library/react/dist/pure.js:291:10)
      at Object.<anonymous> (src/pages/dashboards/StudentDashboard.test.js:271:11)

  ΓùÅ StudentDashboard ΓÇ║ clears all filters when Clear Filters is clicked

    TypeError: Cannot read properties of undefined (reading 'on')

    [0m [90m 114 |[39m
     [90m 115 |[39m     [36mconst[39m channel [33m=[39m supabase
    [31m[1m>[22m[39m[90m 116 |[39m       
[33m.[39mchannel([32m`unread-messages-${userId}`[39m)
     [90m     |[39m                                            [31m[1m^[22m[39m
     [90m 117 |[39m       [33m.[39mon(
     [90m 118 |[39m         [32m'postgres_changes'[39m[33m,[39m
     [90m 119 |[39m         { event[33m:[39m [32m'INSERT'[39m[33m,[39m 
schema[33m:[39m [32m'public'[39m[33m,[39m table[33m:[39m [32m'messages'[39m 
}[33m,[39m[0m

      at src/pages/dashboards/StudentDashboard.js:116:44
      at Object.react_stack_bottom_frame 
(node_modules/react-dom/cjs/react-dom-client.development.js:25989:20)
      at runWithFiberInDEV 
(node_modules/react-dom/cjs/react-dom-client.development.js:874:13)
      at commitHookEffectListMount 
(node_modules/react-dom/cjs/react-dom-client.development.js:13249:29)
      at commitHookPassiveMountEffects 
(node_modules/react-dom/cjs/react-dom-client.development.js:13336:11)
      at commitPassiveMountOnFiber 
(node_modules/react-dom/cjs/react-dom-client.development.js:15484:13)
      at recursivelyTraversePassiveMountEffects 
(node_modules/react-dom/cjs/react-dom-client.development.js:15439:11)
      at commitPassiveMountOnFiber 
(node_modules/react-dom/cjs/react-dom-client.development.js:15519:11)
      at flushPassiveEffects 
(node_modules/react-dom/cjs/react-dom-client.development.js:18432:9)
      at node_modules/react-dom/cjs/react-dom-client.development.js:17923:15
      at flushActQueue (node_modules/react/cjs/react.development.js:590:34)
      at Object.<anonymous>.process.env.NODE_ENV.exports.act 
(node_modules/react/cjs/react.development.js:884:10)
      at node_modules/@testing-library/react/dist/act-compat.js:46:25
      at renderRoot (node_modules/@testing-library/react/dist/pure.js:189:26)
      at render (node_modules/@testing-library/react/dist/pure.js:291:10)
      at Object.<anonymous> (src/pages/dashboards/StudentDashboard.test.js:279:11)

  ΓùÅ StudentDashboard ΓÇ║ shows the role acceptance popup when there is an approved 
application

    TypeError: Cannot read properties of undefined (reading 'on')

    [0m [90m 114 |[39m
     [90m 115 |[39m     [36mconst[39m channel [33m=[39m supabase
    [31m[1m>[22m[39m[90m 116 |[39m       
[33m.[39mchannel([32m`unread-messages-${userId}`[39m)
     [90m     |[39m                                            [31m[1m^[22m[39m
     [90m 117 |[39m       [33m.[39mon(
     [90m 118 |[39m         [32m'postgres_changes'[39m[33m,[39m
     [90m 119 |[39m         { event[33m:[39m [32m'INSERT'[39m[33m,[39m 
schema[33m:[39m [32m'public'[39m[33m,[39m table[33m:[39m [32m'messages'[39m 
}[33m,[39m[0m

      at src/pages/dashboards/StudentDashboard.js:116:44
      at Object.react_stack_bottom_frame 
(node_modules/react-dom/cjs/react-dom-client.development.js:25989:20)
      at runWithFiberInDEV 
(node_modules/react-dom/cjs/react-dom-client.development.js:874:13)
      at commitHookEffectListMount 
(node_modules/react-dom/cjs/react-dom-client.development.js:13249:29)
      at commitHookPassiveMountEffects 
(node_modules/react-dom/cjs/react-dom-client.development.js:13336:11)
      at commitPassiveMountOnFiber 
(node_modules/react-dom/cjs/react-dom-client.development.js:15484:13)
      at recursivelyTraversePassiveMountEffects 
(node_modules/react-dom/cjs/react-dom-client.development.js:15439:11)
      at commitPassiveMountOnFiber 
(node_modules/react-dom/cjs/react-dom-client.development.js:15519:11)
      at flushPassiveEffects 
(node_modules/react-dom/cjs/react-dom-client.development.js:18432:9)
      at node_modules/react-dom/cjs/react-dom-client.development.js:17923:15
      at flushActQueue (node_modules/react/cjs/react.development.js:590:34)
      at Object.<anonymous>.process.env.NODE_ENV.exports.act 
(node_modules/react/cjs/react.development.js:884:10)
      at node_modules/@testing-library/react/dist/act-compat.js:46:25
      at renderRoot (node_modules/@testing-library/react/dist/pure.js:189:26)
      at render (node_modules/@testing-library/react/dist/pure.js:291:10)
      at Object.<anonymous> (src/pages/dashboards/StudentDashboard.test.js:305:11)

  ΓùÅ StudentDashboard ΓÇ║ dismisses the role popup when LATER is clicked

    TypeError: Cannot read properties of undefined (reading 'on')

    [0m [90m 114 |[39m
     [90m 115 |[39m     [36mconst[39m channel [33m=[39m supabase
    [31m[1m>[22m[39m[90m 116 |[39m       
[33m.[39mchannel([32m`unread-messages-${userId}`[39m)
     [90m     |[39m                                            [31m[1m^[22m[39m
     [90m 117 |[39m       [33m.[39mon(
     [90m 118 |[39m         [32m'postgres_changes'[39m[33m,[39m
     [90m 119 |[39m         { event[33m:[39m [32m'INSERT'[39m[33m,[39m 
schema[33m:[39m [32m'public'[39m[33m,[39m table[33m:[39m [32m'messages'[39m 
}[33m,[39m[0m

      at src/pages/dashboards/StudentDashboard.js:116:44
      at Object.react_stack_bottom_frame 
(node_modules/react-dom/cjs/react-dom-client.development.js:25989:20)
      at runWithFiberInDEV 
(node_modules/react-dom/cjs/react-dom-client.development.js:874:13)
      at commitHookEffectListMount 
(node_modules/react-dom/cjs/react-dom-client.development.js:13249:29)
      at commitHookPassiveMountEffects 
(node_modules/react-dom/cjs/react-dom-client.development.js:13336:11)
      at commitPassiveMountOnFiber 
(node_modules/react-dom/cjs/react-dom-client.development.js:15484:13)
      at recursivelyTraversePassiveMountEffects 
(node_modules/react-dom/cjs/react-dom-client.development.js:15439:11)
      at commitPassiveMountOnFiber 
(node_modules/react-dom/cjs/react-dom-client.development.js:15519:11)
      at flushPassiveEffects 
(node_modules/react-dom/cjs/react-dom-client.development.js:18432:9)
      at node_modules/react-dom/cjs/react-dom-client.development.js:17923:15
      at flushActQueue (node_modules/react/cjs/react.development.js:590:34)
      at Object.<anonymous>.process.env.NODE_ENV.exports.act 
(node_modules/react/cjs/react.development.js:884:10)
      at node_modules/@testing-library/react/dist/act-compat.js:46:25
      at renderRoot (node_modules/@testing-library/react/dist/pure.js:189:26)
      at render (node_modules/@testing-library/react/dist/pure.js:291:10)
      at Object.<anonymous> (src/pages/dashboards/StudentDashboard.test.js:322:11)

  ΓùÅ StudentDashboard ΓÇ║ shows the unread message badge when there are unread messages

    TypeError: Cannot read properties of undefined (reading 'on')

    [0m [90m 114 |[39m
     [90m 115 |[39m     [36mconst[39m channel [33m=[39m supabase
    [31m[1m>[22m[39m[90m 116 |[39m       
[33m.[39mchannel([32m`unread-messages-${userId}`[39m)
     [90m     |[39m                                            [31m[1m^[22m[39m
     [90m 117 |[39m       [33m.[39mon(
     [90m 118 |[39m         [32m'postgres_changes'[39m[33m,[39m
     [90m 119 |[39m         { event[33m:[39m [32m'INSERT'[39m[33m,[39m 
schema[33m:[39m [32m'public'[39m[33m,[39m table[33m:[39m [32m'messages'[39m 
}[33m,[39m[0m

      at src/pages/dashboards/StudentDashboard.js:116:44
      at Object.react_stack_bottom_frame 
(node_modules/react-dom/cjs/react-dom-client.development.js:25989:20)
      at runWithFiberInDEV 
(node_modules/react-dom/cjs/react-dom-client.development.js:874:13)
      at commitHookEffectListMount 
(node_modules/react-dom/cjs/react-dom-client.development.js:13249:29)
      at commitHookPassiveMountEffects 
(node_modules/react-dom/cjs/react-dom-client.development.js:13336:11)
      at commitPassiveMountOnFiber 
(node_modules/react-dom/cjs/react-dom-client.development.js:15484:13)
      at recursivelyTraversePassiveMountEffects 
(node_modules/react-dom/cjs/react-dom-client.development.js:15439:11)
      at commitPassiveMountOnFiber 
(node_modules/react-dom/cjs/react-dom-client.development.js:15519:11)
      at flushPassiveEffects 
(node_modules/react-dom/cjs/react-dom-client.development.js:18432:9)
      at node_modules/react-dom/cjs/react-dom-client.development.js:17923:15
      at flushActQueue (node_modules/react/cjs/react.development.js:590:34)
      at Object.<anonymous>.process.env.NODE_ENV.exports.act 
(node_modules/react/cjs/react.development.js:884:10)
      at node_modules/@testing-library/react/dist/act-compat.js:46:25
      at renderRoot (node_modules/@testing-library/react/dist/pure.js:189:26)
      at render (node_modules/@testing-library/react/dist/pure.js:291:10)
      at Object.<anonymous> (src/pages/dashboards/StudentDashboard.test.js:336:11)

PASS src/pages/ListingDetail.test.js
PASS src/pages/AuthPage.test.js
PASS src/pages/BookingRequest.test.jsx
  ΓùÅ Console

    console.error
      Booking insert error: { message: 'Booking conflict' }

    [0m [90m 181 |[39m       setSuccess([32m"Booking request submitted. The seller 
has been notified and facility staff can now confirm the slot."[39m)[33m;[39m
     [90m 182 |[39m     } [36mcatch[39m (err) {
    [31m[1m>[22m[39m[90m 183 |[39m       console[33m.[39merror([32m"Booking 
insert error:"[39m[33m,[39m err)[33m;[39m
     [90m     |[39m               [31m[1m^[22m[39m
     [90m 184 |[39m       [36mif[39m (err [33m&&[39m [36mtypeof[39m err 
[33m===[39m [32m"object"[39m [33m&&[39m [32m"message"[39m [36min[39m err) {
     [90m 185 |[39m         setError(err[33m.[39mmessage)[33m;[39m
     [90m 186 |[39m       } [36melse[39m {[0m

      at handleSubmit (src/pages/BookingRequest.jsx:183:15)

PASS src/pages/CreateListing.test.js
PASS src/pages/dashboards/ManageListings.test.js
  ΓùÅ Console

    console.log
      Listing listing-1 successfully set to flagged

      at updateStatus (src/pages/dashboards/ManageListings.js:47:15)

    console.log
      Listing listing-2 successfully set to active

      at updateStatus (src/pages/dashboards/ManageListings.js:47:15)

PASS src/pages/LandingPage.test.js
PASS src/pages/dashboards/EditProfile.test.js
PASS src/pages/Messages/MessagesInput.test.jsx
PASS src/pages/dashboards/Analytics.test.js
  ΓùÅ Console

    console.error
      The tag <stop> is unrecognized in this browser. If you meant to render a React 
component, start its name with an uppercase letter.

    [0m [90m 80 |[39m     createAnalyticsMocks()[33m;[39m
     [90m 81 |[39m
    [31m[1m>[22m[39m[90m 82 |[39m     render([33m<[39m[33mAnalytics[39m 
[33m/[39m[33m>[39m)[33m;[39m
     [90m    |[39m           [31m[1m^[22m[39m
     [90m 83 |[39m
     [90m 84 |[39m     expect([36mawait[39m screen[33m.[39mfindByText([32m'Report 
Hub'[39m))[33m.[39mtoBeInTheDocument()[33m;[39m
     [90m 85 |[39m     expect(screen[33m.[39mgetByText([32m'Popular 
Categories'[39m))[33m.[39mtoBeInTheDocument()[33m;[39m[0m

      at completeWork 
(node_modules/react-dom/cjs/react-dom-client.development.js:12621:37)
      at runWithFiberInDEV 
(node_modules/react-dom/cjs/react-dom-client.development.js:874:13)
      at completeUnitOfWork 
(node_modules/react-dom/cjs/react-dom-client.development.js:17777:19)
      at performUnitOfWork 
(node_modules/react-dom/cjs/react-dom-client.development.js:17658:11)
      at workLoopSync 
(node_modules/react-dom/cjs/react-dom-client.development.js:17469:41)
      at renderRootSync 
(node_modules/react-dom/cjs/react-dom-client.development.js:17450:11)
      at performWorkOnRoot 
(node_modules/react-dom/cjs/react-dom-client.development.js:16504:11)
      at performWorkOnRootViaSchedulerTask 
(node_modules/react-dom/cjs/react-dom-client.development.js:18957:7)
      at flushActQueue (node_modules/react/cjs/react.development.js:590:34)
      at Object.<anonymous>.process.env.NODE_ENV.exports.act 
(node_modules/react/cjs/react.development.js:884:10)
      at node_modules/@testing-library/react/dist/act-compat.js:46:25
      at renderRoot (node_modules/@testing-library/react/dist/pure.js:189:26)
      at render (node_modules/@testing-library/react/dist/pure.js:291:10)
      at Object.<anonymous> (src/pages/dashboards/Analytics.test.js:82:11)

    console.error
      <linearGradient /> is using incorrect casing. Use PascalCase for React components, 
or lowercase for HTML elements.

    [0m [90m 80 |[39m     createAnalyticsMocks()[33m;[39m
     [90m 81 |[39m
    [31m[1m>[22m[39m[90m 82 |[39m     render([33m<[39m[33mAnalytics[39m 
[33m/[39m[33m>[39m)[33m;[39m
     [90m    |[39m           [31m[1m^[22m[39m
     [90m 83 |[39m
     [90m 84 |[39m     expect([36mawait[39m screen[33m.[39mfindByText([32m'Report 
Hub'[39m))[33m.[39mtoBeInTheDocument()[33m;[39m
     [90m 85 |[39m     expect(screen[33m.[39mgetByText([32m'Popular 
Categories'[39m))[33m.[39mtoBeInTheDocument()[33m;[39m[0m

      at completeWork 
(node_modules/react-dom/cjs/react-dom-client.development.js:12613:37)
      at runWithFiberInDEV 
(node_modules/react-dom/cjs/react-dom-client.development.js:874:13)
      at completeUnitOfWork 
(node_modules/react-dom/cjs/react-dom-client.development.js:17777:19)
      at performUnitOfWork 
(node_modules/react-dom/cjs/react-dom-client.development.js:17658:11)
      at workLoopSync 
(node_modules/react-dom/cjs/react-dom-client.development.js:17469:41)
      at renderRootSync 
(node_modules/react-dom/cjs/react-dom-client.development.js:17450:11)
      at performWorkOnRoot 
(node_modules/react-dom/cjs/react-dom-client.development.js:16504:11)
      at performWorkOnRootViaSchedulerTask 
(node_modules/react-dom/cjs/react-dom-client.development.js:18957:7)
      at flushActQueue (node_modules/react/cjs/react.development.js:590:34)
      at Object.<anonymous>.process.env.NODE_ENV.exports.act 
(node_modules/react/cjs/react.development.js:884:10)
      at node_modules/@testing-library/react/dist/act-compat.js:46:25
      at renderRoot (node_modules/@testing-library/react/dist/pure.js:189:26)
      at render (node_modules/@testing-library/react/dist/pure.js:291:10)
      at Object.<anonymous> (src/pages/dashboards/Analytics.test.js:82:11)

    console.error
      The tag <linearGradient> is unrecognized in this browser. If you meant to render a 
React component, start its name with an uppercase letter.

    [0m [90m 80 |[39m     createAnalyticsMocks()[33m;[39m
     [90m 81 |[39m
    [31m[1m>[22m[39m[90m 82 |[39m     render([33m<[39m[33mAnalytics[39m 
[33m/[39m[33m>[39m)[33m;[39m
     [90m    |[39m           [31m[1m^[22m[39m
     [90m 83 |[39m
     [90m 84 |[39m     expect([36mawait[39m screen[33m.[39mfindByText([32m'Report 
Hub'[39m))[33m.[39mtoBeInTheDocument()[33m;[39m
     [90m 85 |[39m     expect(screen[33m.[39mgetByText([32m'Popular 
Categories'[39m))[33m.[39mtoBeInTheDocument()[33m;[39m[0m

      at completeWork 
(node_modules/react-dom/cjs/react-dom-client.development.js:12621:37)
      at runWithFiberInDEV 
(node_modules/react-dom/cjs/react-dom-client.development.js:874:13)
      at completeUnitOfWork 
(node_modules/react-dom/cjs/react-dom-client.development.js:17777:19)
      at performUnitOfWork 
(node_modules/react-dom/cjs/react-dom-client.development.js:17658:11)
      at workLoopSync 
(node_modules/react-dom/cjs/react-dom-client.development.js:17469:41)
      at renderRootSync 
(node_modules/react-dom/cjs/react-dom-client.development.js:17450:11)
      at performWorkOnRoot 
(node_modules/react-dom/cjs/react-dom-client.development.js:16504:11)
      at performWorkOnRootViaSchedulerTask 
(node_modules/react-dom/cjs/react-dom-client.development.js:18957:7)
      at flushActQueue (node_modules/react/cjs/react.development.js:590:34)
      at Object.<anonymous>.process.env.NODE_ENV.exports.act 
(node_modules/react/cjs/react.development.js:884:10)
      at node_modules/@testing-library/react/dist/act-compat.js:46:25
      at renderRoot (node_modules/@testing-library/react/dist/pure.js:189:26)
      at render (node_modules/@testing-library/react/dist/pure.js:291:10)
      at Object.<anonymous> (src/pages/dashboards/Analytics.test.js:82:11)

    console.error
      The tag <defs> is unrecognized in this browser. If you meant to render a React 
component, start its name with an uppercase letter.

    [0m [90m 80 |[39m     createAnalyticsMocks()[33m;[39m
     [90m 81 |[39m
    [31m[1m>[22m[39m[90m 82 |[39m     render([33m<[39m[33mAnalytics[39m 
[33m/[39m[33m>[39m)[33m;[39m
     [90m    |[39m           [31m[1m^[22m[39m
     [90m 83 |[39m
     [90m 84 |[39m     expect([36mawait[39m screen[33m.[39mfindByText([32m'Report 
Hub'[39m))[33m.[39mtoBeInTheDocument()[33m;[39m
     [90m 85 |[39m     expect(screen[33m.[39mgetByText([32m'Popular 
Categories'[39m))[33m.[39mtoBeInTheDocument()[33m;[39m[0m

      at completeWork 
(node_modules/react-dom/cjs/react-dom-client.development.js:12621:37)
      at runWithFiberInDEV 
(node_modules/react-dom/cjs/react-dom-client.development.js:874:13)
      at completeUnitOfWork 
(node_modules/react-dom/cjs/react-dom-client.development.js:17777:19)
      at performUnitOfWork 
(node_modules/react-dom/cjs/react-dom-client.development.js:17658:11)
      at workLoopSync 
(node_modules/react-dom/cjs/react-dom-client.development.js:17469:41)
      at renderRootSync 
(node_modules/react-dom/cjs/react-dom-client.development.js:17450:11)
      at performWorkOnRoot 
(node_modules/react-dom/cjs/react-dom-client.development.js:16504:11)
      at performWorkOnRootViaSchedulerTask 
(node_modules/react-dom/cjs/react-dom-client.development.js:18957:7)
      at flushActQueue (node_modules/react/cjs/react.development.js:590:34)
      at Object.<anonymous>.process.env.NODE_ENV.exports.act 
(node_modules/react/cjs/react.development.js:884:10)
      at node_modules/@testing-library/react/dist/act-compat.js:46:25
      at renderRoot (node_modules/@testing-library/react/dist/pure.js:189:26)
      at render (node_modules/@testing-library/react/dist/pure.js:291:10)
      at Object.<anonymous> (src/pages/dashboards/Analytics.test.js:82:11)

    console.error
      <linearGradient /> is using incorrect casing. Use PascalCase for React components, 
or lowercase for HTML elements.

    [0m [90m 91 |[39m     createAnalyticsMocks()[33m;[39m
     [90m 92 |[39m
    [31m[1m>[22m[39m[90m 93 |[39m     render([33m<[39m[33mAnalytics[39m 
[33m/[39m[33m>[39m)[33m;[39m
     [90m    |[39m           [31m[1m^[22m[39m
     [90m 94 |[39m
     [90m 95 |[39m     [36mawait[39m waitFor(() [33m=>[39m {
     [90m 96 |[39m       expect(supabase[33m.[39m[36mfrom[39m)[33m.[39mtoHaveBeenC
alledWith([32m'listings'[39m)[33m;[39m[0m

      at completeWork 
(node_modules/react-dom/cjs/react-dom-client.development.js:12613:37)
      at runWithFiberInDEV 
(node_modules/react-dom/cjs/react-dom-client.development.js:874:13)
      at completeUnitOfWork 
(node_modules/react-dom/cjs/react-dom-client.development.js:17777:19)
      at performUnitOfWork 
(node_modules/react-dom/cjs/react-dom-client.development.js:17658:11)
      at workLoopSync 
(node_modules/react-dom/cjs/react-dom-client.development.js:17469:41)
      at renderRootSync 
(node_modules/react-dom/cjs/react-dom-client.development.js:17450:11)
      at performWorkOnRoot 
(node_modules/react-dom/cjs/react-dom-client.development.js:16504:11)
      at performWorkOnRootViaSchedulerTask 
(node_modules/react-dom/cjs/react-dom-client.development.js:18957:7)
      at flushActQueue (node_modules/react/cjs/react.development.js:590:34)
      at Object.<anonymous>.process.env.NODE_ENV.exports.act 
(node_modules/react/cjs/react.development.js:884:10)
      at node_modules/@testing-library/react/dist/act-compat.js:46:25
      at renderRoot (node_modules/@testing-library/react/dist/pure.js:189:26)
      at render (node_modules/@testing-library/react/dist/pure.js:291:10)
      at Object.<anonymous> (src/pages/dashboards/Analytics.test.js:93:11)

    console.error
      <linearGradient /> is using incorrect casing. Use PascalCase for React components, 
or lowercase for HTML elements.

    [0m [90m 102 |[39m     createAnalyticsMocks()[33m;[39m
     [90m 103 |[39m
    [31m[1m>[22m[39m[90m 104 |[39m     render([33m<[39m[33mAnalytics[39m 
[33m/[39m[33m>[39m)[33m;[39m
     [90m     |[39m           [31m[1m^[22m[39m
     [90m 105 |[39m
     [90m 106 |[39m     [36mawait[39m screen[33m.[39mfindByText([32m'Report 
Hub'[39m)[33m;[39m
     [90m 107 |[39m[0m

      at completeWork 
(node_modules/react-dom/cjs/react-dom-client.development.js:12613:37)
      at runWithFiberInDEV 
(node_modules/react-dom/cjs/react-dom-client.development.js:874:13)
      at completeUnitOfWork 
(node_modules/react-dom/cjs/react-dom-client.development.js:17777:19)
      at performUnitOfWork 
(node_modules/react-dom/cjs/react-dom-client.development.js:17658:11)
      at workLoopSync 
(node_modules/react-dom/cjs/react-dom-client.development.js:17469:41)
      at renderRootSync 
(node_modules/react-dom/cjs/react-dom-client.development.js:17450:11)
      at performWorkOnRoot 
(node_modules/react-dom/cjs/react-dom-client.development.js:16504:11)
      at performWorkOnRootViaSchedulerTask 
(node_modules/react-dom/cjs/react-dom-client.development.js:18957:7)
      at flushActQueue (node_modules/react/cjs/react.development.js:590:34)
      at Object.<anonymous>.process.env.NODE_ENV.exports.act 
(node_modules/react/cjs/react.development.js:884:10)
      at node_modules/@testing-library/react/dist/act-compat.js:46:25
      at renderRoot (node_modules/@testing-library/react/dist/pure.js:189:26)
      at render (node_modules/@testing-library/react/dist/pure.js:291:10)
      at Object.<anonymous> (src/pages/dashboards/Analytics.test.js:104:11)

    console.error
      <linearGradient /> is using incorrect casing. Use PascalCase for React components, 
or lowercase for HTML elements.

    [0m [90m 113 |[39m     createAnalyticsMocks()[33m;[39m
     [90m 114 |[39m
    [31m[1m>[22m[39m[90m 115 |[39m     render([33m<[39m[33mAnalytics[39m 
[33m/[39m[33m>[39m)[33m;[39m
     [90m     |[39m           [31m[1m^[22m[39m
     [90m 116 |[39m
     [90m 117 |[39m     [36mawait[39m screen[33m.[39mfindByText([32m'Report 
Hub'[39m)[33m;[39m
     [90m 118 |[39m[0m

      at completeWork 
(node_modules/react-dom/cjs/react-dom-client.development.js:12613:37)
      at runWithFiberInDEV 
(node_modules/react-dom/cjs/react-dom-client.development.js:874:13)
      at completeUnitOfWork 
(node_modules/react-dom/cjs/react-dom-client.development.js:17777:19)
      at performUnitOfWork 
(node_modules/react-dom/cjs/react-dom-client.development.js:17658:11)
      at workLoopSync 
(node_modules/react-dom/cjs/react-dom-client.development.js:17469:41)
      at renderRootSync 
(node_modules/react-dom/cjs/react-dom-client.development.js:17450:11)
      at performWorkOnRoot 
(node_modules/react-dom/cjs/react-dom-client.development.js:16504:11)
      at performWorkOnRootViaSchedulerTask 
(node_modules/react-dom/cjs/react-dom-client.development.js:18957:7)
      at flushActQueue (node_modules/react/cjs/react.development.js:590:34)
      at Object.<anonymous>.process.env.NODE_ENV.exports.act 
(node_modules/react/cjs/react.development.js:884:10)
      at node_modules/@testing-library/react/dist/act-compat.js:46:25
      at renderRoot (node_modules/@testing-library/react/dist/pure.js:189:26)
      at render (node_modules/@testing-library/react/dist/pure.js:291:10)
      at Object.<anonymous> (src/pages/dashboards/Analytics.test.js:115:11)

    console.error
      <linearGradient /> is using incorrect casing. Use PascalCase for React components, 
or lowercase for HTML elements.

    [0m [90m 131 |[39m     [36mconst[39m clickSpy [33m=[39m 
jest[33m.[39mspyOn([33mHTMLAnchorElement[39m[33m.[39mprototype[33m,[39m 
[32m'click'[39m)[33m.[39mmockImplementation(() [33m=>[39m {})[33m;[39m
     [90m 132 |[39m
    [31m[1m>[22m[39m[90m 133 |[39m     render([33m<[39m[33mAnalytics[39m 
[33m/[39m[33m>[39m)[33m;[39m
     [90m     |[39m           [31m[1m^[22m[39m
     [90m 134 |[39m
     [90m 135 |[39m     [36mawait[39m screen[33m.[39mfindByText([32m'Report 
Hub'[39m)[33m;[39m
     [90m 136 |[39m     [36mawait[39m waitFor(() [33m=>[39m expect(supabase[33m.[3
9m[36mfrom[39m)[33m.[39mtoHaveBeenCalledWith([32m'listings'[39m))[33m;[39m[0m

      at completeWork 
(node_modules/react-dom/cjs/react-dom-client.development.js:12613:37)
      at runWithFiberInDEV 
(node_modules/react-dom/cjs/react-dom-client.development.js:874:13)
      at completeUnitOfWork 
(node_modules/react-dom/cjs/react-dom-client.development.js:17777:19)
      at performUnitOfWork 
(node_modules/react-dom/cjs/react-dom-client.development.js:17658:11)
      at workLoopSync 
(node_modules/react-dom/cjs/react-dom-client.development.js:17469:41)
      at renderRootSync 
(node_modules/react-dom/cjs/react-dom-client.development.js:17450:11)
      at performWorkOnRoot 
(node_modules/react-dom/cjs/react-dom-client.development.js:16504:11)
      at performWorkOnRootViaSchedulerTask 
(node_modules/react-dom/cjs/react-dom-client.development.js:18957:7)
      at flushActQueue (node_modules/react/cjs/react.development.js:590:34)
      at Object.<anonymous>.process.env.NODE_ENV.exports.act 
(node_modules/react/cjs/react.development.js:884:10)
      at node_modules/@testing-library/react/dist/act-compat.js:46:25
      at renderRoot (node_modules/@testing-library/react/dist/pure.js:189:26)
      at render (node_modules/@testing-library/react/dist/pure.js:291:10)
      at Object.<anonymous> (src/pages/dashboards/Analytics.test.js:133:11)

PASS src/pages/dashboards/UserManagement.test.js
  ΓùÅ Console

    console.log
      [
        {
          id: 'user-1',
          full_name: 'Alice Admin',
          role: 'admin',
          campus: 'Main Campus',
          is_banned: false
        },
        {
          id: 'user-2',
          full_name: 'Bob Student',
          role: 'student',
          campus: 'Education Campus',
          is_banned: true
        }
      ]

      at fetchUsers (src/pages/dashboards/UserManagement.js:21:13)

    console.log
      [
        {
          id: 'user-1',
          full_name: 'Alice Admin',
          role: 'admin',
          campus: 'Main Campus',
          is_banned: false
        },
        {
          id: 'user-2',
          full_name: 'Bob Student',
          role: 'student',
          campus: 'Education Campus',
          is_banned: true
        }
      ]

      at fetchUsers (src/pages/dashboards/UserManagement.js:21:13)

    console.log
      [
        {
          id: 'user-1',
          full_name: 'Alice Admin',
          role: 'admin',
          campus: 'Main Campus',
          is_banned: false
        },
        {
          id: 'user-2',
          full_name: 'Bob Student',
          role: 'student',
          campus: 'Education Campus',
          is_banned: true
        }
      ]

      at fetchUsers (src/pages/dashboards/UserManagement.js:21:13)

    console.log
      [
        {
          id: 'user-1',
          full_name: 'Alice Admin',
          role: 'admin',
          campus: 'Main Campus',
          is_banned: false
        },
        {
          id: 'user-2',
          full_name: 'Bob Student',
          role: 'student',
          campus: 'Education Campus',
          is_banned: true
        }
      ]

      at fetchUsers (src/pages/dashboards/UserManagement.js:21:13)

    console.log
      [
        {
          id: 'user-1',
          full_name: 'Alice Admin',
          role: 'admin',
          campus: 'Main Campus',
          is_banned: false
        },
        {
          id: 'user-2',
          full_name: 'Bob Student',
          role: 'student',
          campus: 'Education Campus',
          is_banned: true
        }
      ]

      at fetchUsers (src/pages/dashboards/UserManagement.js:21:13)

    console.log
      [
        {
          id: 'user-1',
          full_name: 'Alice Admin',
          role: 'admin',
          campus: 'Main Campus',
          is_banned: false
        },
        {
          id: 'user-2',
          full_name: 'Bob Student',
          role: 'student',
          campus: 'Education Campus',
          is_banned: true
        }
      ]

      at fetchUsers (src/pages/dashboards/UserManagement.js:21:13)

    console.log
      [
        {
          id: 'user-1',
          full_name: 'Alice Admin',
          role: 'admin',
          campus: 'Main Campus',
          is_banned: false
        },
        {
          id: 'user-2',
          full_name: 'Bob Student',
          role: 'student',
          campus: 'Education Campus',
          is_banned: true
        }
      ]

      at fetchUsers (src/pages/dashboards/UserManagement.js:21:13)

    console.log
      [
        {
          id: 'user-1',
          full_name: 'Alice Admin',
          role: 'admin',
          campus: 'Main Campus',
          is_banned: false
        },
        {
          id: 'user-2',
          full_name: 'Bob Student',
          role: 'student',
          campus: 'Education Campus',
          is_banned: true
        }
      ]

      at fetchUsers (src/pages/dashboards/UserManagement.js:21:13)

    console.log
      [
        {
          id: 'user-1',
          full_name: 'Alice Admin',
          role: 'admin',
          campus: 'Main Campus',
          is_banned: false
        },
        {
          id: 'user-2',
          full_name: 'Bob Student',
          role: 'student',
          campus: 'Education Campus',
          is_banned: true
        }
      ]

      at fetchUsers (src/pages/dashboards/UserManagement.js:21:13)

    console.log
      [
        {
          id: 'user-1',
          full_name: 'Alice Admin',
          role: 'admin',
          campus: 'Main Campus',
          is_banned: false
        },
        {
          id: 'user-2',
          full_name: 'Bob Student',
          role: 'student',
          campus: 'Education Campus',
          is_banned: true
        }
      ]

      at fetchUsers (src/pages/dashboards/UserManagement.js:21:13)

    console.log
      [
        {
          id: 'user-1',
          full_name: 'Alice Admin',
          role: 'admin',
          campus: 'Main Campus',
          is_banned: false
        },
        {
          id: 'user-2',
          full_name: 'Bob Student',
          role: 'student',
          campus: 'Education Campus',
          is_banned: true
        }
      ]

      at fetchUsers (src/pages/dashboards/UserManagement.js:21:13)

    console.log
      [
        {
          id: 'user-1',
          full_name: 'Alice Admin',
          role: 'admin',
          campus: 'Main Campus',
          is_banned: false
        },
        {
          id: 'user-2',
          full_name: 'Bob Student',
          role: 'student',
          campus: 'Education Campus',
          is_banned: true
        }
      ]

      at fetchUsers (src/pages/dashboards/UserManagement.js:21:13)

    console.log
      [
        {
          id: 'user-1',
          full_name: 'Alice Admin',
          role: 'admin',
          campus: 'Main Campus',
          is_banned: false
        },
        {
          id: 'user-2',
          full_name: 'Bob Student',
          role: 'student',
          campus: 'Education Campus',
          is_banned: true
        }
      ]

      at fetchUsers (src/pages/dashboards/UserManagement.js:21:13)

PASS src/pages/dashboards/DashboardShell.test.js
PASS src/pages/dashboards/RoleApproval.test.js
  ΓùÅ Console

    console.error
      An update to RoleApproval inside a test was not wrapped in act(...).
      
      When testing, code that causes React state updates should be wrapped into act(...):
      
      act(() => {
        /* fire events that update state */
      });
      /* assert on the output */
      
      This ensures that you're testing the behavior the user would see in the browser. 
Learn more at https://react.dev/link/wrap-tests-with-act

    [0m [90m 41 |[39m       console[33m.[39merror([32m"Approve 
error:"[39m[33m,[39m err[33m.[39mmessage)[33m;[39m
     [90m 42 |[39m     } [36mfinally[39m {
    [31m[1m>[22m[39m[90m 43 |[39m       setLoadingId([36mnull[39m)[33m;[39m
     [90m    |[39m       [31m[1m^[22m[39m
     [90m 44 |[39m     }
     [90m 45 |[39m   }[33m;[39m
     [90m 46 |[39m[0m

      at node_modules/react-dom/cjs/react-dom-client.development.js:18758:19
      at runWithFiberInDEV 
(node_modules/react-dom/cjs/react-dom-client.development.js:874:13)
      at warnIfUpdatesNotWrappedWithActDEV 
(node_modules/react-dom/cjs/react-dom-client.development.js:18757:9)
      at scheduleUpdateOnFiber 
(node_modules/react-dom/cjs/react-dom-client.development.js:16409:11)
      at dispatchSetStateInternal 
(node_modules/react-dom/cjs/react-dom-client.development.js:9170:13)
      at setLoadingId (node_modules/react-dom/cjs/react-dom-client.development.js:9127:7)
      at approveApplication (src/pages/dashboards/RoleApproval.js:43:7)

    console.error
      An update to RoleApproval inside a test was not wrapped in act(...).
      
      When testing, code that causes React state updates should be wrapped into act(...):
      
      act(() => {
        /* fire events that update state */
      });
      /* assert on the output */
      
      This ensures that you're testing the behavior the user would see in the browser. 
Learn more at https://react.dev/link/wrap-tests-with-act

    [0m [90m 57 |[39m       console[33m.[39merror([32m"Reject 
error:"[39m[33m,[39m err[33m.[39mmessage)[33m;[39m
     [90m 58 |[39m     } [36mfinally[39m {
    [31m[1m>[22m[39m[90m 59 |[39m       setLoadingId([36mnull[39m)[33m;[39m
     [90m    |[39m       [31m[1m^[22m[39m
     [90m 60 |[39m     }
     [90m 61 |[39m   }[33m;[39m
     [90m 62 |[39m[0m

      at node_modules/react-dom/cjs/react-dom-client.development.js:18758:19
      at runWithFiberInDEV 
(node_modules/react-dom/cjs/react-dom-client.development.js:874:13)
      at warnIfUpdatesNotWrappedWithActDEV 
(node_modules/react-dom/cjs/react-dom-client.development.js:18757:9)
      at scheduleUpdateOnFiber 
(node_modules/react-dom/cjs/react-dom-client.development.js:16409:11)
      at dispatchSetStateInternal 
(node_modules/react-dom/cjs/react-dom-client.development.js:9170:13)
      at setLoadingId (node_modules/react-dom/cjs/react-dom-client.development.js:9127:7)
      at rejectApplication (src/pages/dashboards/RoleApproval.js:59:7)

    console.error
      An update to RoleApproval inside a test was not wrapped in act(...).
      
      When testing, code that causes React state updates should be wrapped into act(...):
      
      act(() => {
        /* fire events that update state */
      });
      /* assert on the output */
      
      This ensures that you're testing the behavior the user would see in the browser. 
Learn more at https://react.dev/link/wrap-tests-with-act

    [0m [90m 41 |[39m       console[33m.[39merror([32m"Approve 
error:"[39m[33m,[39m err[33m.[39mmessage)[33m;[39m
     [90m 42 |[39m     } [36mfinally[39m {
    [31m[1m>[22m[39m[90m 43 |[39m       setLoadingId([36mnull[39m)[33m;[39m
     [90m    |[39m       [31m[1m^[22m[39m
     [90m 44 |[39m     }
     [90m 45 |[39m   }[33m;[39m
     [90m 46 |[39m[0m

      at node_modules/react-dom/cjs/react-dom-client.development.js:18758:19
      at runWithFiberInDEV 
(node_modules/react-dom/cjs/react-dom-client.development.js:874:13)
      at warnIfUpdatesNotWrappedWithActDEV 
(node_modules/react-dom/cjs/react-dom-client.development.js:18757:9)
      at scheduleUpdateOnFiber 
(node_modules/react-dom/cjs/react-dom-client.development.js:16409:11)
      at dispatchSetStateInternal 
(node_modules/react-dom/cjs/react-dom-client.development.js:9170:13)
      at setLoadingId (node_modules/react-dom/cjs/react-dom-client.development.js:9127:7)
      at approveApplication (src/pages/dashboards/RoleApproval.js:43:7)

    console.error
      An update to RoleApproval inside a test was not wrapped in act(...).
      
      When testing, code that causes React state updates should be wrapped into act(...):
      
      act(() => {
        /* fire events that update state */
      });
      /* assert on the output */
      
      This ensures that you're testing the behavior the user would see in the browser. 
Learn more at https://react.dev/link/wrap-tests-with-act

    [0m [90m 20 |[39m       console[33m.[39merror([32m"Error fetching 
applications:"[39m[33m,[39m error[33m.[39mmessage)[33m;[39m
     [90m 21 |[39m     } [36melse[39m {
    [31m[1m>[22m[39m[90m 22 |[39m       setApplications(data)[33m;[39m
     [90m    |[39m       [31m[1m^[22m[39m
     [90m 23 |[39m     }
     [90m 24 |[39m   }[33m;[39m
     [90m 25 |[39m[0m

      at node_modules/react-dom/cjs/react-dom-client.development.js:18758:19
      at runWithFiberInDEV 
(node_modules/react-dom/cjs/react-dom-client.development.js:874:13)
      at warnIfUpdatesNotWrappedWithActDEV 
(node_modules/react-dom/cjs/react-dom-client.development.js:18757:9)
      at scheduleUpdateOnFiber 
(node_modules/react-dom/cjs/react-dom-client.development.js:16409:11)
      at dispatchSetStateInternal 
(node_modules/react-dom/cjs/react-dom-client.development.js:9170:13)
      at setApplications 
(node_modules/react-dom/cjs/react-dom-client.development.js:9127:7)
      at fetchApplications (src/pages/dashboards/RoleApproval.js:22:7)

PASS src/pages/dashboards/TradeStaffDashboard.test.js
PASS src/pages/MyListings.test.js
PASS src/pages/Messages/ConversationList.test.jsx
PASS src/pages/Messages/ChatWindow.test.jsx
PASS src/pages/dashboards/AdminDashboard.test.js
PASS src/pages/PaymentStatus.test.js
PASS src/components/LoadingScreen.test.js
PASS src/auth.test.js
FAIL src/App.test.js
  ΓùÅ Test suite failed to run

    ReferenceError: TextEncoder is not defined

    [0m [90m  9 |[39m } [36mfrom[39m [32m'lucide-react'[39m[33m;[39m
     [90m 10 |[39m [36mimport[39m { useNavigate } [36mfrom[39m 
[32m'react-router-dom'[39m[33m;[39m
    [31m[1m>[22m[39m[90m 11 |[39m [36mimport[39m jsPDF [36mfrom[39m 
[32m'jspdf'[39m[33m;[39m
     [90m    |[39m [31m[1m^[22m[39m
     [90m 12 |[39m [36mimport[39m [32m'jspdf-autotable'[39m[33m;[39m
     [90m 13 |[39m [36mimport[39m [32m'./Analytics.css'[39m[33m;[39m [90m// 
IMPORTING THE NEW UNIQUE CSS[39m
     [90m 14 |[39m[0m

      at Object.<anonymous> (node_modules/iobuffer/src/text.ts:6:17)
      at Object.<anonymous> (node_modules/iobuffer/src/IOBuffer.ts:1:1)
      at Object.<anonymous> (node_modules/fast-png/src/PngDecoder.ts:1:1)
      at Object.<anonymous> (node_modules/fast-png/src/index.ts:1:1)
      at Object.<anonymous> (node_modules/jspdf/dist/jspdf.node.min.js:51:82)
      at Object.<anonymous> (src/pages/dashboards/Analytics.js:11:1)
      at Object.<anonymous> (src/App.js:6:1)
      at Object.<anonymous> (src/App.test.js:3:1)
      at TestScheduler.scheduleTests 
(node_modules/@jest/core/build/TestScheduler.js:333:13)
      at runJest (node_modules/@jest/core/build/runJest.js:404:19)
      at _run10000 (node_modules/@jest/core/build/cli/index.js:320:7)
      at runCLI (node_modules/@jest/core/build/cli/index.js:173:3)

-------------------------|---------|----------|---------|---------|-------------------------------------------------
File                     | % Stmts | % Branch | % Funcs | % Lines | Uncovered Line #s                               
-------------------------|---------|----------|---------|---------|-------------------------------------------------
All files                |   64.73 |    64.61 |   64.78 |   66.53 |                                                 
 src                     |   23.77 |    25.89 |   26.92 |   25.24 |                                                 
  App.js                 |       0 |        0 |       0 |       0 | 29-194                                          
  auth.js                |   90.62 |    85.29 |     100 |     100 | 44-57,68-77                                     
 src/components          |     100 |      100 |     100 |     100 |                                                 
  LoadingScreen.js       |     100 |      100 |     100 |     100 |                                                 
 src/pages               |   72.14 |    76.69 |      72 |   73.34 |                                                 
  AuthPage.js            |    85.1 |    78.57 |   83.33 |   91.78 | 32,43-44,91,144,159                             
  BookingRequest.jsx     |   77.98 |    70.23 |    90.9 |    78.3 | 26-40,72-74,126-127,131-132,142-143,178,187,291 
  CartPage.test.skip.js  |       0 |        0 |       0 |       0 | 7-212                                           
  CreateListing.js       |   94.73 |       75 |   88.23 |   96.15 | 108,199                                         
  LandingPage.js         |    92.1 |       90 |   84.21 |   91.66 | 124-127,271                                     
  ListingDetail.js       |    97.1 |    87.03 |     100 |   98.43 | 103                                             
  MyListings.js          |   89.65 |     87.5 |   81.81 |    92.3 | 62,86                                           
  PaymentStatus.js       |   89.65 |    85.71 |     100 |      96 | 45                                              
 src/pages/Messages      |   97.77 |     80.7 |   94.44 |   97.61 |                                                 
  ChatWindow.jsx         |     100 |       84 |     100 |     100 | 52,75,103                                       
  ConversationList.jsx   |     100 |       75 |     100 |     100 | 31-32,47                                        
  MessagesInput.jsx      |   97.36 |       80 |    92.3 |   97.14 | 15                                              
 src/pages/dashboards    |   63.78 |    65.74 |   61.06 |    65.7 |                                                 
  AdminDashboard.js      |   45.45 |      100 |   28.57 |   45.45 | 11-12,63-93                                     
  Analytics.js           |   74.54 |       50 |   61.11 |   79.16 | 73-77,110,131-155                               
  DashboardShell.js      |     100 |       90 |     100 |     100 | 18                                              
  EditProfile.js         |   94.11 |    72.72 |   83.33 |   96.77 | 80                                              
  ManageListings.js      |   95.12 |       90 |     100 |   97.22 | 49                                              
  MarketTrades.js        |    87.5 |    72.72 |     100 |      90 | 52,56,85                                        
  MyProfile.js           |      50 |    51.51 |   22.22 |      54 | 46-53,57-61,71-87,140-191                       
  MyTrades.test.skip.js  |       0 |        0 |       0 |       0 | 6-175                                           
  RoleApproval.js        |   86.66 |    66.66 |     100 |   89.65 | 20,41,57                                        
  TradeStaffDashboard.js |     100 |      100 |     100 |     100 |                                                 
  UserManagement.js      |   89.47 |    77.77 |     100 |   89.18 | 24,36,49,68                                     
-------------------------|---------|----------|---------|---------|-------------------------------------------------
Summary of all failing tests
FAIL src/pages/dashboards/MarketTrades.test.js
  ΓùÅ MarketTrades ΓÇ║ shows a pending trade with FREE staff status and Claim button

    Unable to find an element with the text: (_, el) => { var _el$textContent; return (el 
=== null || el === void 0 ? void 0 : (_el$textContent = el.textContent) === null || 
_el$textContent === void 0 ? void 0 : _el$textContent.replace(/\s+/g, ' ').trim()) === 
'Trade #trade-a'; } (normalized from '(_, el) => {
          var _el$textContent;
          return (el === null || el === void 0 ? void 0 : (_el$textContent = 
el.textContent) === null || _el$textContent === void 0 ? void 0 : 
_el$textContent.replace(/\s+/g, ' ').trim()) === 'Trade #trade-a';
        }'). This could be because the text is broken up by multiple elements. In this 
case, you can provide a function for your text matcher to make your matcher more flexible.

    Ignored nodes: comments, script, style
    [36m<body>[39m
      [36m<div>[39m
        [36m<main[39m
          [33mclass[39m=[32m"dashboard-container"[39m
        [36m>[39m
          [36m<section[39m
            [33mclass[39m=[32m"hero-section"[39m
          [36m>[39m
            [36m<span[39m
              [33mclass[39m=[32m"hero-kicker"[39m
            [36m>[39m
              [0mMARKET[0m
            [36m</span>[39m
            [36m<h1[39m
              [33mclass[39m=[32m"hero-title"[39m
            [36m>[39m
              [0mLive marketplace trade queue[0m
            [36m</h1>[39m
            [36m<p[39m
              [33mclass[39m=[32m"hero-description"[39m
            [36m>[39m
              [0mClaim and manage active marketplace exchanges.[0m
            [36m</p>[39m
          [36m</section>[39m
          [36m<section[39m
            [33mstyle[39m=[32m"display: grid; grid-template-columns: 1fr 1fr; gap: 
30px; padding: 40px 10%;"[39m
          [36m>[39m
            [36m<section>[39m
              [36m<h2[39m
                [33mstyle[39m=[32m"color: rgb(10, 25, 47); margin-bottom: 20px;"[39m
              [36m>[39m
                [0mPending Trades[0m
              [36m</h2>[39m
              [36m<article[39m
                [33mclass[39m=[32m"action-block"[39m
                [33mstyle[39m=[32m"margin-bottom: 20px;"[39m
              [36m>[39m
                [36m<h3>[39m
                  [0mTrade #[0m
                  [0mtrade-[0m
                [36m</h3>[39m
                [36m<p>[39m
                  [0mStatus: [0m
                  [0mrequested[0m
                [36m</p>[39m
                [36m<p>[39m
                  [0mStaff:[0m
                  [0m [0m
                  [0mFREE[0m
                [36m</p>[39m
                [36m<button[39m
                  [33mclass[39m=[32m"suspend-btn"[39m
                [36m>[39m
                  [0mClaim Trade[0m
                [36m</button>[39m
              [36m</article>[39m
            [36m</section>[39m
            [36m<section>[39m
              [36m<h2[39m
                [33mstyle[39m=[32m"color: rgb(10, 25, 47); margin-bottom: 20px;"[39m
              [36m>[39m
                [0mCompleted Trades[0m
              [36m</h2>[39m
              [36m<article[39m
                [33mclass[39m=[32m"action-block"[39m
                [33mstyle[39m=[32m"margin-bottom: 20px;"[39m
              [36m>[39m
                [36m<h3>[39m
                  [0mTrade #[0m
                  [0mtrade-[0m
                [36m</h3>[39m
                [36m<p>[39m
                  [0mCOMPLETED[0m
                [36m</p>[39m
              [36m</article>[39m
            [36m</section>[39m
          [36m</section>[39m
        [36m</main>[39m
      [36m</div>[39m
    [36m</body>[39m

    [0m [90m 106 |[39m     render([33m<[39m[33mMarketTrades[39m 
[33m/[39m[33m>[39m)[33m;[39m
     [90m 107 |[39m
    [31m[1m>[22m[39m[90m 108 |[39m     expect([36mawait[39m 
screen[33m.[39mfindByText((_[33m,[39m el) [33m=>[39m el[33m?[39m[33m.[39mtextCon
tent[33m?[39m[33m.[39mreplace([35m/\s+/g[39m[33m,[39m[32m' 
'[39m)[33m.[39mtrim() [33m===[39m [32m'Trade 
#trade-a'[39m))[33m.[39mtoBeInTheDocument()[33m;[39m
     [90m     |[39m                         [31m[1m^[22m[39m
     [90m 109 |[39m     expect(screen[33m.[39mgetByText([35m/FREE/[39m))[33m.[39mt
oBeInTheDocument()[33m;[39m
     [90m 110 |[39m     expect(screen[33m.[39mgetByRole([32m'button'[39m[33m,[39m 
{ name[33m:[39m [32m'Claim Trade'[39m }))[33m.[39mtoBeInTheDocument()[33m;[39m
     [90m 111 |[39m   })[33m;[39m[0m

      at waitForWrapper (node_modules/@testing-library/dom/dist/wait-for.js:163:27)
      at findByText (node_modules/@testing-library/dom/dist/query-helpers.js:86:33)
      at Object.<anonymous> (src/pages/dashboards/MarketTrades.test.js:108:25)

  ΓùÅ MarketTrades ΓÇ║ renders the completed trade entry

    Unable to find an element with the text: (_, el) => { var _el$textContent2; return 
(el === null || el === void 0 ? void 0 : (_el$textContent2 = el.textContent) === null || 
_el$textContent2 === void 0 ? void 0 : _el$textContent2.replace(/\s+/g, ' ').trim()) === 
'Trade #trade-g'; } (normalized from '(_, el) => {
          var _el$textContent2;
          return (el === null || el === void 0 ? void 0 : (_el$textContent2 = 
el.textContent) === null || _el$textContent2 === void 0 ? void 0 : 
_el$textContent2.replace(/\s+/g, ' ').trim()) === 'Trade #trade-g';
        }'). This could be because the text is broken up by multiple elements. In this 
case, you can provide a function for your text matcher to make your matcher more flexible.

    Ignored nodes: comments, script, style
    [36m<body>[39m
      [36m<div>[39m
        [36m<main[39m
          [33mclass[39m=[32m"dashboard-container"[39m
        [36m>[39m
          [36m<section[39m
            [33mclass[39m=[32m"hero-section"[39m
          [36m>[39m
            [36m<span[39m
              [33mclass[39m=[32m"hero-kicker"[39m
            [36m>[39m
              [0mMARKET[0m
            [36m</span>[39m
            [36m<h1[39m
              [33mclass[39m=[32m"hero-title"[39m
            [36m>[39m
              [0mLive marketplace trade queue[0m
            [36m</h1>[39m
            [36m<p[39m
              [33mclass[39m=[32m"hero-description"[39m
            [36m>[39m
              [0mClaim and manage active marketplace exchanges.[0m
            [36m</p>[39m
          [36m</section>[39m
          [36m<section[39m
            [33mstyle[39m=[32m"display: grid; grid-template-columns: 1fr 1fr; gap: 
30px; padding: 40px 10%;"[39m
          [36m>[39m
            [36m<section>[39m
              [36m<h2[39m
                [33mstyle[39m=[32m"color: rgb(10, 25, 47); margin-bottom: 20px;"[39m
              [36m>[39m
                [0mPending Trades[0m
              [36m</h2>[39m
              [36m<article[39m
                [33mclass[39m=[32m"action-block"[39m
                [33mstyle[39m=[32m"margin-bottom: 20px;"[39m
              [36m>[39m
                [36m<h3>[39m
                  [0mTrade #[0m
                  [0mtrade-[0m
                [36m</h3>[39m
                [36m<p>[39m
                  [0mStatus: [0m
                  [0mrequested[0m
                [36m</p>[39m
                [36m<p>[39m
                  [0mStaff:[0m
                  [0m [0m
                  [0mFREE[0m
                [36m</p>[39m
                [36m<button[39m
                  [33mclass[39m=[32m"suspend-btn"[39m
                [36m>[39m
                  [0mClaim Trade[0m
                [36m</button>[39m
              [36m</article>[39m
            [36m</section>[39m
            [36m<section>[39m
              [36m<h2[39m
                [33mstyle[39m=[32m"color: rgb(10, 25, 47); margin-bottom: 20px;"[39m
              [36m>[39m
                [0mCompleted Trades[0m
              [36m</h2>[39m
              [36m<article[39m
                [33mclass[39m=[32m"action-block"[39m
                [33mstyle[39m=[32m"margin-bottom: 20px;"[39m
              [36m>[39m
                [36m<h3>[39m
                  [0mTrade #[0m
                  [0mtrade-[0m
                [36m</h3>[39m
                [36m<p>[39m
                  [0mCOMPLETED[0m
                [36m</p>[39m
              [36m</article>[39m
            [36m</section>[39m
          [36m</section>[39m
        [36m</main>[39m
      [36m</div>[39m
    [36m</body>[39m

    [0m [90m 169 |[39m     render([33m<[39m[33mMarketTrades[39m 
[33m/[39m[33m>[39m)[33m;[39m
     [90m 170 |[39m
    [31m[1m>[22m[39m[90m 171 |[39m     expect([36mawait[39m 
screen[33m.[39mfindByText((_[33m,[39m el) [33m=>[39m el[33m?[39m[33m.[39mtextCon
tent[33m?[39m[33m.[39mreplace([35m/\s+/g[39m[33m,[39m[32m' 
'[39m)[33m.[39mtrim() [33m===[39m [32m'Trade 
#trade-g'[39m))[33m.[39mtoBeInTheDocument()[33m;[39m
     [90m     |[39m                         [31m[1m^[22m[39m
     [90m 172 |[39m     expect(screen[33m.[39mgetByText([32m'COMPLETED'[39m))[33m.
[39mtoBeInTheDocument()[33m;[39m
     [90m 173 |[39m   })[33m;[39m
     [90m 174 |[39m[0m

      at waitForWrapper (node_modules/@testing-library/dom/dist/wait-for.js:163:27)
      at findByText (node_modules/@testing-library/dom/dist/query-helpers.js:86:33)
      at Object.<anonymous> (src/pages/dashboards/MarketTrades.test.js:171:25)

FAIL src/pages/dashboards/MyProfile.test.js
  ΓùÅ MyProfile ΓÇ║ loads the existing application and lets the user withdraw it

    Unable to find an element with the text: (_, el) => { var _el$textContent; return (el 
=== null || el === void 0 ? void 0 : (_el$textContent = el.textContent) === null || 
_el$textContent === void 0 ? void 0 : _el$textContent.replace(/\s+/g, ' ').trim()) === 
'Pending staff'; } (normalized from '(_, el) => {
          var _el$textContent;
          return (el === null || el === void 0 ? void 0 : (_el$textContent = 
el.textContent) === null || _el$textContent === void 0 ? void 0 : 
_el$textContent.replace(/\s+/g, ' ').trim()) === 'Pending staff';
        }'). This could be because the text is broken up by multiple elements. In this 
case, you can provide a function for your text matcher to make your matcher more flexible.

    Ignored nodes: comments, script, style
    [36m<body>[39m
      [36m<div>[39m
        [36m<main[39m
          [33mclass[39m=[32m"mp-container"[39m
        [36m>[39m
          [36m<article[39m
            [33mclass[39m=[32m"mp-card"[39m
          [36m>[39m
            [36m<nav[39m
              [33mclass[39m=[32m"profile-top-nav"[39m
            [36m>[39m
              [36m<button[39m
                [33mclass[39m=[32m"back-btn"[39m
                [33mstyle[39m=[32m"background: none; cursor: pointer; display: flex; 
align-items: center; gap: 8px; font-weight: bold; color: rgb(10, 25, 47);"[39m
              [36m>[39m
                [36m<svg[39m
                  [33mdata-icon[39m=[32m"ArrowLeft"[39m
                  [33mrole[39m=[32m"img"[39m
                  [33msize[39m=[32m"18"[39m
                [36m/>[39m
                [0m Back to Dashboard[0m
              [36m</button>[39m
            [36m</nav>[39m
            [36m<figure[39m
              [33mclass[39m=[32m"profile-avatar-wrap"[39m
            [36m>[39m
              [36m<svg[39m
                [33mclass[39m=[32m"mp-avatar-large"[39m
                [33mdata-icon[39m=[32m"User"[39m
                [33mrole[39m=[32m"img"[39m
                [33msize[39m=[32m"100"[39m
                [33mstyle[39m=[32m"padding: 20px; background: rgb(240, 244, 248); 
color: rgb(0, 48, 73);"[39m
              [36m/>[39m
            [36m</figure>[39m
            [36m<h1[39m
              [33mclass[39m=[32m"mp-name"[39m
            [36m>[39m
              [0mJane Student[0m
            [36m</h1>[39m
            [36m<p[39m
              [33mclass[39m=[32m"mp-student-id"[39m
            [36m>[39m
              [0mStudent ID: [0m
              [0mNot Set[0m
            [36m</p>[39m
            [36m<nav[39m
              [33mclass[39m=[32m"mp-contact-info"[39m
              [33mstyle[39m=[32m"display: flex; justify-content: center; gap: 20px; 
margin-bottom: 20px; color: rgb(102, 102, 102); font-size: 0.9rem;"[39m
            [36m>[39m
              [36m<p[39m
                [33mstyle[39m=[32m"display: flex; align-items: center; gap: 5px;"[39m
              [36m>[39m
                [36m<svg[39m
                  [33mdata-icon[39m=[32m"Phone"[39m
                  [33mrole[39m=[32m"img"[39m
                  [33msize[39m=[32m"14"[39m
                [36m/>[39m
                [0m [0m
                [0mNo contact[0m
              [36m</p>[39m
              [36m<p[39m
                [33mstyle[39m=[32m"display: flex; align-items: center; gap: 5px;"[39m
              [36m>[39m
                [36m<svg[39m
                  [33mdata-icon[39m=[32m"MapPin"[39m
                  [33mrole[39m=[32m"img"[39m
                  [33msize[39m=[32m"14"[39m
                [36m/>[39m
                [0m [0m
                [0mMain Campus[0m
              [36m</p>[39m
            [36m</nav>[39m
            [36m<p[39m
              [33mclass[39m=[32m"mp-bio"[39m
            [36m>[39m
              [0mChemistry major[0m
            [36m</p>[39m
            [36m<section[39m
              [33mclass[39m=[32m"mp-action-group"[39m
            [36m>[39m
              [36m<button[39m
                [33mclass[39m=[32m"mp-btn"[39m
                [33mstyle[39m=[32m"background: rgb(247, 243, 236); color: rgb(13, 27, 
42);"[39m
              [36m>[39m
                [36m<svg[39m
                  [33mdata-icon[39m=[32m"Box"[39m
                  [33mrole[39m=[32m"img"[39m
                  [33msize[39m=[32m"20"[39m
                [36m/>[39m
                [0m My Listings[0m
              [36m</button>[39m
              [36m<button[39m
                [33mclass[39m=[32m"mp-btn"[39m
                [33mdisabled[39m=[32m""[39m
                [33mstyle[39m=[32m"background: rgb(247, 243, 236); color: rgb(13, 27, 
42);"[39m
              [36m>[39m
                [36m<svg[39m
                  [33mdata-icon[39m=[32m"Briefcase"[39m
                  [33mrole[39m=[32m"img"[39m
                  [33msize[39m=[32m"20"[39m
                [36m/>[39m
                [0m Apply Staff[0m
              [36m</button>[39m
              [36m<button[39m
                [33mclass[39m=[32m"mp-btn"[39m
                [33mdisabled[39m=[32m""[39m
                [33mstyle[39m=[32m"background: rgb(247, 243, 236); color: rgb(13, 27, 
42);"[39m
              [36m>[39m
                [36m<svg[39m
                  [33mdata-icon[39m=[32m"ShieldCheck"[39m
                  [33mrole[39m=[32m"img"[39m
                  [33msize[39m=[32m"20"[39m
                [36m/>[39m
                [0m Apply Admin[0m
              [36m</button>[39m
              [36m<button[39m
                [33mclass[39m=[32m"mp-btn mp-btn-edit"[39m
              [36m>[39m
                [36m<svg[39m
                  [33mdata-icon[39m=[32m"Edit3"[39m
                  [33mrole[39m=[32m"img"[39m
                  [33msize[39m=[32m"18"[39m
                [36m/>[39m
                [0m Edit Profile[0m
              [36m</button>[39m
            [36m</section>[39m
          [36m</article>[39m
          [36m<section[39m
            [33mclass[39m=[32m"history-section"[39m
            [33mstyle[39m=[32m"margin-top: 30px;"[39m
          [36m>[39m
            [36m<header[39m
              [33mclass[39m=[32m"section-header"[39m
            [36m>[39m
              [36m<h2[39m
                [33mstyle[39m=[32m"border-left: 6px solid #f3a91e; padding-left: 15px; 
color: rgb(10, 25, 47); font-family: Playfair Display;"[39m
              [36m>[39m
                [0mActivity History[0m
              [36m</h2>[39m
            [36m</header>[39m
            [36m<nav[39m
              [33mclass[39m=[32m"history-tabs"[39m
              [33mstyle[39m=[32m"display: flex; gap: 10px; margin: 20px 0px; 
border-bottom: 1px solid #eee; padding-bottom: 10px;"[39m
            [36m>[39m
              [36m<button[39m
                [33mclass[39m=[32m"active"[39m
                [33mstyle[39m=[32m"background: rgb(240, 247, 255); padding: 10px 20px; 
border-radius: 10px; font-weight: bold; color: rgb(0, 119, 182); cursor: pointer;"[39m
              [36m>[39m
                [0mMy Orders[0m
              [36m</button>[39m
              [36m<button[39m
                [33mclass[39m=[32m""[39m
                [33mstyle[39m=[32m"background: none; padding: 10px 20px; 
border-radius: 10px; font-weight: bold; color: rgb(153, 153, 153); cursor: pointer;"[39m
              [36m>[39m
                [0mMy Sales[0m
              [36m</button>[39m
            [36m</nav>[39m
            [36m<ul[39m
              [33mclass[39m=[32m"history-list"[39m
              [33mstyle[39m=[32m"list-style: none; padding: 0px;"[39m
            [36m>[39m
              [36m<p[39m
                [33mstyle[39m=[32m"text-align: center; color: rgb(204, 204, 204); 
padding: 40px;"[39m
              [36m>[39m
                [0mNo [0m
                [0morders[0m
                [0m found.[0m
              [36m</p>[39m
            [36m</ul>[39m
          [36m</section>[39m
        [36m</main>[39m
      [36m</div>[39m
    [36m</body>[39m

    [0m [90m 86 |[39m     )[33m;[39m
     [90m 87 |[39m
    [31m[1m>[22m[39m[90m 88 |[39m     expect([36mawait[39m 
screen[33m.[39mfindByText((_[33m,[39m el) [33m=>[39m el[33m?[39m[33m.[39mtextCon
tent[33m?[39m[33m.[39mreplace([35m/\s+/g[39m[33m,[39m[32m' 
'[39m)[33m.[39mtrim() [33m===[39m [32m'Pending 
staff'[39m))[33m.[39mtoBeInTheDocument()[33m;[39m
     [90m    |[39m                         [31m[1m^[22m[39m
     [90m 89 |[39m
     [90m 90 |[39m     [36mawait[39m 
userEvent[33m.[39mclick(screen[33m.[39mgetByRole([32m'button'[39m[33m,[39m { 
name[33m:[39m [35m/Withdraw/i[39m }))[33m;[39m
     [90m 91 |[39m[0m

      at waitForWrapper (node_modules/@testing-library/dom/dist/wait-for.js:163:27)
      at findByText (node_modules/@testing-library/dom/dist/query-helpers.js:86:33)
      at Object.<anonymous> (src/pages/dashboards/MyProfile.test.js:88:25)

  ΓùÅ MyProfile ΓÇ║ submits a staff application and returns to the profile view

    TestingLibraryElementError: Unable to find an element with the text: (_, el) => { var 
_el$textContent2; return (el === null || el === void 0 ? void 0 : (_el$textContent2 = 
el.textContent) === null || _el$textContent2 === void 0 ? void 0 : 
_el$textContent2.replace(/\s+/g, ' ').trim()) === 'Apply Staff'; } (normalized from '(_, 
el) => {
          var _el$textContent2;
          return (el === null || el === void 0 ? void 0 : (_el$textContent2 = 
el.textContent) === null || _el$textContent2 === void 0 ? void 0 : 
_el$textContent2.replace(/\s+/g, ' ').trim()) === 'Apply Staff';
        }'). This could be because the text is broken up by multiple elements. In this 
case, you can provide a function for your text matcher to make your matcher more flexible.

    Ignored nodes: comments, script, style
    [36m<body>[39m
      [36m<div>[39m
        [36m<main[39m
          [33mclass[39m=[32m"ls-container"[39m
        [36m>[39m
          [36m<section[39m
            [33maria-hidden[39m=[32m"true"[39m
            [33mclass[39m=[32m"aurora-bg"[39m
          [36m>[39m
            [36m<hr[39m
              [33mclass[39m=[32m"orb orb-1"[39m
            [36m/>[39m
            [36m<hr[39m
              [33mclass[39m=[32m"orb orb-2"[39m
            [36m/>[39m
            [36m<hr[39m
              [33mclass[39m=[32m"orb orb-3"[39m
            [36m/>[39m
          [36m</section>[39m
          [36m<article[39m
            [33mclass[39m=[32m"ls-content"[39m
          [36m>[39m
            [36m<figure[39m
              [33mclass[39m=[32m"ls-animation-wrap"[39m
            [36m>[39m
              [36m<img[39m
                [33malt[39m=[32m"Loading..."[39m
                [33mclass[39m=[32m"ls-graduate-run"[39m
                [33msrc[39m=[32m"/trolleyPush.png"[39m
              [36m/>[39m
              [36m<hr[39m
                [33mclass[39m=[32m"ls-ground-shadow"[39m
              [36m/>[39m
            [36m</figure>[39m
            [36m<h2[39m
              [33mclass[39m=[32m"ls-text"[39m
            [36m>[39m
              [0mLoading UniMart...[0m
            [36m</h2>[39m
          [36m</article>[39m
        [36m</main>[39m
      [36m</div>[39m
    [36m</body>[39m

    [0m [90m 112 |[39m     })[33m;[39m
     [90m 113 |[39m
    [31m[1m>[22m[39m[90m 114 |[39m     [36mconst[39m applyStaffEl [33m=[39m 
screen[33m.[39mgetAllByText((_[33m,[39m el) [33m=>[39m el[33m?[39m[33m.[39mtextC
ontent[33m?[39m[33m.[39mreplace([35m/\s+/g[39m[33m,[39m[32m' 
'[39m)[33m.[39mtrim() [33m===[39m [32m'Apply Staff'[39m)[[35m0[39m][33m;[39m
     [90m     |[39m                                 [31m[1m^[22m[39m
     [90m 115 |[39m     
fireEvent[33m.[39mclick(applyStaffEl[33m.[39mclosest([32m'article'[39m))[33m;[39m
     [90m 116 |[39m
     [90m 117 |[39m     [36mawait[39m userEvent[33m.[39mtype(screen[33m.[39mgetAll
ByRole([32m'textbox'[39m)[[35m0[39m][33m,[39m [32m'Education 
Campus'[39m)[33m;[39m[0m

      at Object.getElementError (node_modules/@testing-library/dom/dist/config.js:37:19)
      at node_modules/@testing-library/dom/dist/query-helpers.js:76:38
      at getAllByText (node_modules/@testing-library/dom/dist/query-helpers.js:109:15)
      at Object.<anonymous> (src/pages/dashboards/MyProfile.test.js:114:33)

  ΓùÅ MyProfile ΓÇ║ wires the profile navigation actions

    expect(jest.fn()).toHaveBeenCalledWith(...expected)

    Expected: "/my-listings"

    Number of calls: 0

    [0m [90m 163 |[39m     expect(onBack)[33m.[39mtoHaveBeenCalled()[33m;[39m
     [90m 164 |[39m     expect(onEditClick)[33m.[39mtoHaveBeenCalled()[33m;[39m
    [31m[1m>[22m[39m[90m 165 |[39m     
expect(navigate)[33m.[39mtoHaveBeenCalledWith([32m'/my-listings'[39m)[33m;[39m
     [90m     |[39m                      [31m[1m^[22m[39m
     [90m 166 |[39m   })[33m;[39m
     [90m 167 |[39m })[33m;[39m[0m

      at Object.<anonymous> (src/pages/dashboards/MyProfile.test.js:165:22)

FAIL src/pages/dashboards/StudentDashboard.test.js
  ΓùÅ StudentDashboard ΓÇ║ renders the welcome greeting and quick-action blocks

    TypeError: Cannot read properties of undefined (reading 'on')

    [0m [90m 114 |[39m
     [90m 115 |[39m     [36mconst[39m channel [33m=[39m supabase
    [31m[1m>[22m[39m[90m 116 |[39m       
[33m.[39mchannel([32m`unread-messages-${userId}`[39m)
     [90m     |[39m                                            [31m[1m^[22m[39m
     [90m 117 |[39m       [33m.[39mon(
     [90m 118 |[39m         [32m'postgres_changes'[39m[33m,[39m
     [90m 119 |[39m         { event[33m:[39m [32m'INSERT'[39m[33m,[39m 
schema[33m:[39m [32m'public'[39m[33m,[39m table[33m:[39m [32m'messages'[39m 
}[33m,[39m[0m

      at src/pages/dashboards/StudentDashboard.js:116:44
      at Object.react_stack_bottom_frame 
(node_modules/react-dom/cjs/react-dom-client.development.js:25989:20)
      at runWithFiberInDEV 
(node_modules/react-dom/cjs/react-dom-client.development.js:874:13)
      at commitHookEffectListMount 
(node_modules/react-dom/cjs/react-dom-client.development.js:13249:29)
      at commitHookPassiveMountEffects 
(node_modules/react-dom/cjs/react-dom-client.development.js:13336:11)
      at commitPassiveMountOnFiber 
(node_modules/react-dom/cjs/react-dom-client.development.js:15484:13)
      at recursivelyTraversePassiveMountEffects 
(node_modules/react-dom/cjs/react-dom-client.development.js:15439:11)
      at commitPassiveMountOnFiber 
(node_modules/react-dom/cjs/react-dom-client.development.js:15519:11)
      at flushPassiveEffects 
(node_modules/react-dom/cjs/react-dom-client.development.js:18432:9)
      at node_modules/react-dom/cjs/react-dom-client.development.js:17923:15
      at flushActQueue (node_modules/react/cjs/react.development.js:590:34)
      at Object.<anonymous>.process.env.NODE_ENV.exports.act 
(node_modules/react/cjs/react.development.js:884:10)
      at node_modules/@testing-library/react/dist/act-compat.js:46:25
      at renderRoot (node_modules/@testing-library/react/dist/pure.js:189:26)
      at render (node_modules/@testing-library/react/dist/pure.js:291:10)
      at Object.<anonymous> (src/pages/dashboards/StudentDashboard.test.js:139:11)

  ΓùÅ StudentDashboard ΓÇ║ navigates to /my-listings, /messages, and /browse from 
quick-actions

    TypeError: Cannot read properties of undefined (reading 'on')

    [0m [90m 114 |[39m
     [90m 115 |[39m     [36mconst[39m channel [33m=[39m supabase
    [31m[1m>[22m[39m[90m 116 |[39m       
[33m.[39mchannel([32m`unread-messages-${userId}`[39m)
     [90m     |[39m                                            [31m[1m^[22m[39m
     [90m 117 |[39m       [33m.[39mon(
     [90m 118 |[39m         [32m'postgres_changes'[39m[33m,[39m
     [90m 119 |[39m         { event[33m:[39m [32m'INSERT'[39m[33m,[39m 
schema[33m:[39m [32m'public'[39m[33m,[39m table[33m:[39m [32m'messages'[39m 
}[33m,[39m[0m

      at src/pages/dashboards/StudentDashboard.js:116:44
      at Object.react_stack_bottom_frame 
(node_modules/react-dom/cjs/react-dom-client.development.js:25989:20)
      at runWithFiberInDEV 
(node_modules/react-dom/cjs/react-dom-client.development.js:874:13)
      at commitHookEffectListMount 
(node_modules/react-dom/cjs/react-dom-client.development.js:13249:29)
      at commitHookPassiveMountEffects 
(node_modules/react-dom/cjs/react-dom-client.development.js:13336:11)
      at commitPassiveMountOnFiber 
(node_modules/react-dom/cjs/react-dom-client.development.js:15484:13)
      at recursivelyTraversePassiveMountEffects 
(node_modules/react-dom/cjs/react-dom-client.development.js:15439:11)
      at commitPassiveMountOnFiber 
(node_modules/react-dom/cjs/react-dom-client.development.js:15519:11)
      at flushPassiveEffects 
(node_modules/react-dom/cjs/react-dom-client.development.js:18432:9)
      at node_modules/react-dom/cjs/react-dom-client.development.js:17923:15
      at flushActQueue (node_modules/react/cjs/react.development.js:590:34)
      at Object.<anonymous>.process.env.NODE_ENV.exports.act 
(node_modules/react/cjs/react.development.js:884:10)
      at node_modules/@testing-library/react/dist/act-compat.js:46:25
      at renderRoot (node_modules/@testing-library/react/dist/pure.js:189:26)
      at render (node_modules/@testing-library/react/dist/pure.js:291:10)
      at Object.<anonymous> (src/pages/dashboards/StudentDashboard.test.js:173:11)

  ΓùÅ StudentDashboard ΓÇ║ navigates to /cart when the shopping bag icon is clicked

    TypeError: Cannot read properties of undefined (reading 'on')

    [0m [90m 114 |[39m
     [90m 115 |[39m     [36mconst[39m channel [33m=[39m supabase
    [31m[1m>[22m[39m[90m 116 |[39m       
[33m.[39mchannel([32m`unread-messages-${userId}`[39m)
     [90m     |[39m                                            [31m[1m^[22m[39m
     [90m 117 |[39m       [33m.[39mon(
     [90m 118 |[39m         [32m'postgres_changes'[39m[33m,[39m
     [90m 119 |[39m         { event[33m:[39m [32m'INSERT'[39m[33m,[39m 
schema[33m:[39m [32m'public'[39m[33m,[39m table[33m:[39m [32m'messages'[39m 
}[33m,[39m[0m

      at src/pages/dashboards/StudentDashboard.js:116:44
      at Object.react_stack_bottom_frame 
(node_modules/react-dom/cjs/react-dom-client.development.js:25989:20)
      at runWithFiberInDEV 
(node_modules/react-dom/cjs/react-dom-client.development.js:874:13)
      at commitHookEffectListMount 
(node_modules/react-dom/cjs/react-dom-client.development.js:13249:29)
      at commitHookPassiveMountEffects 
(node_modules/react-dom/cjs/react-dom-client.development.js:13336:11)
      at commitPassiveMountOnFiber 
(node_modules/react-dom/cjs/react-dom-client.development.js:15484:13)
      at recursivelyTraversePassiveMountEffects 
(node_modules/react-dom/cjs/react-dom-client.development.js:15439:11)
      at commitPassiveMountOnFiber 
(node_modules/react-dom/cjs/react-dom-client.development.js:15519:11)
      at flushPassiveEffects 
(node_modules/react-dom/cjs/react-dom-client.development.js:18432:9)
      at node_modules/react-dom/cjs/react-dom-client.development.js:17923:15
      at flushActQueue (node_modules/react/cjs/react.development.js:590:34)
      at Object.<anonymous>.process.env.NODE_ENV.exports.act 
(node_modules/react/cjs/react.development.js:884:10)
      at node_modules/@testing-library/react/dist/act-compat.js:46:25
      at renderRoot (node_modules/@testing-library/react/dist/pure.js:189:26)
      at render (node_modules/@testing-library/react/dist/pure.js:291:10)
      at Object.<anonymous> (src/pages/dashboards/StudentDashboard.test.js:190:11)

  ΓùÅ StudentDashboard ΓÇ║ navigates to /create-listing from the FAB button

    TypeError: Cannot read properties of undefined (reading 'on')

    [0m [90m 114 |[39m
     [90m 115 |[39m     [36mconst[39m channel [33m=[39m supabase
    [31m[1m>[22m[39m[90m 116 |[39m       
[33m.[39mchannel([32m`unread-messages-${userId}`[39m)
     [90m     |[39m                                            [31m[1m^[22m[39m
     [90m 117 |[39m       [33m.[39mon(
     [90m 118 |[39m         [32m'postgres_changes'[39m[33m,[39m
     [90m 119 |[39m         { event[33m:[39m [32m'INSERT'[39m[33m,[39m 
schema[33m:[39m [32m'public'[39m[33m,[39m table[33m:[39m [32m'messages'[39m 
}[33m,[39m[0m

      at src/pages/dashboards/StudentDashboard.js:116:44
      at Object.react_stack_bottom_frame 
(node_modules/react-dom/cjs/react-dom-client.development.js:25989:20)
      at runWithFiberInDEV 
(node_modules/react-dom/cjs/react-dom-client.development.js:874:13)
      at commitHookEffectListMount 
(node_modules/react-dom/cjs/react-dom-client.development.js:13249:29)
      at commitHookPassiveMountEffects 
(node_modules/react-dom/cjs/react-dom-client.development.js:13336:11)
      at commitPassiveMountOnFiber 
(node_modules/react-dom/cjs/react-dom-client.development.js:15484:13)
      at recursivelyTraversePassiveMountEffects 
(node_modules/react-dom/cjs/react-dom-client.development.js:15439:11)
      at commitPassiveMountOnFiber 
(node_modules/react-dom/cjs/react-dom-client.development.js:15519:11)
      at flushPassiveEffects 
(node_modules/react-dom/cjs/react-dom-client.development.js:18432:9)
      at node_modules/react-dom/cjs/react-dom-client.development.js:17923:15
      at flushActQueue (node_modules/react/cjs/react.development.js:590:34)
      at Object.<anonymous>.process.env.NODE_ENV.exports.act 
(node_modules/react/cjs/react.development.js:884:10)
      at node_modules/@testing-library/react/dist/act-compat.js:46:25
      at renderRoot (node_modules/@testing-library/react/dist/pure.js:189:26)
      at render (node_modules/@testing-library/react/dist/pure.js:291:10)
      at Object.<anonymous> (src/pages/dashboards/StudentDashboard.test.js:206:11)

  ΓùÅ StudentDashboard ΓÇ║ opens the burger menu and shows profile and logout options

    TypeError: Cannot read properties of undefined (reading 'on')

    [0m [90m 114 |[39m
     [90m 115 |[39m     [36mconst[39m channel [33m=[39m supabase
    [31m[1m>[22m[39m[90m 116 |[39m       
[33m.[39mchannel([32m`unread-messages-${userId}`[39m)
     [90m     |[39m                                            [31m[1m^[22m[39m
     [90m 117 |[39m       [33m.[39mon(
     [90m 118 |[39m         [32m'postgres_changes'[39m[33m,[39m
     [90m 119 |[39m         { event[33m:[39m [32m'INSERT'[39m[33m,[39m 
schema[33m:[39m [32m'public'[39m[33m,[39m table[33m:[39m [32m'messages'[39m 
}[33m,[39m[0m

      at src/pages/dashboards/StudentDashboard.js:116:44
      at Object.react_stack_bottom_frame 
(node_modules/react-dom/cjs/react-dom-client.development.js:25989:20)
      at runWithFiberInDEV 
(node_modules/react-dom/cjs/react-dom-client.development.js:874:13)
      at commitHookEffectListMount 
(node_modules/react-dom/cjs/react-dom-client.development.js:13249:29)
      at commitHookPassiveMountEffects 
(node_modules/react-dom/cjs/react-dom-client.development.js:13336:11)
      at commitPassiveMountOnFiber 
(node_modules/react-dom/cjs/react-dom-client.development.js:15484:13)
      at recursivelyTraversePassiveMountEffects 
(node_modules/react-dom/cjs/react-dom-client.development.js:15439:11)
      at commitPassiveMountOnFiber 
(node_modules/react-dom/cjs/react-dom-client.development.js:15519:11)
      at flushPassiveEffects 
(node_modules/react-dom/cjs/react-dom-client.development.js:18432:9)
      at node_modules/react-dom/cjs/react-dom-client.development.js:17923:15
      at flushActQueue (node_modules/react/cjs/react.development.js:590:34)
      at Object.<anonymous>.process.env.NODE_ENV.exports.act 
(node_modules/react/cjs/react.development.js:884:10)
      at node_modules/@testing-library/react/dist/act-compat.js:46:25
      at renderRoot (node_modules/@testing-library/react/dist/pure.js:189:26)
      at render (node_modules/@testing-library/react/dist/pure.js:291:10)
      at Object.<anonymous> (src/pages/dashboards/StudentDashboard.test.js:217:11)

  ΓùÅ StudentDashboard ΓÇ║ closes the burger menu and shows the profile view when My 
Profile is clicked

    TypeError: Cannot read properties of undefined (reading 'on')

    [0m [90m 114 |[39m
     [90m 115 |[39m     [36mconst[39m channel [33m=[39m supabase
    [31m[1m>[22m[39m[90m 116 |[39m       
[33m.[39mchannel([32m`unread-messages-${userId}`[39m)
     [90m     |[39m                                            [31m[1m^[22m[39m
     [90m 117 |[39m       [33m.[39mon(
     [90m 118 |[39m         [32m'postgres_changes'[39m[33m,[39m
     [90m 119 |[39m         { event[33m:[39m [32m'INSERT'[39m[33m,[39m 
schema[33m:[39m [32m'public'[39m[33m,[39m table[33m:[39m [32m'messages'[39m 
}[33m,[39m[0m

      at src/pages/dashboards/StudentDashboard.js:116:44
      at Object.react_stack_bottom_frame 
(node_modules/react-dom/cjs/react-dom-client.development.js:25989:20)
      at runWithFiberInDEV 
(node_modules/react-dom/cjs/react-dom-client.development.js:874:13)
      at commitHookEffectListMount 
(node_modules/react-dom/cjs/react-dom-client.development.js:13249:29)
      at commitHookPassiveMountEffects 
(node_modules/react-dom/cjs/react-dom-client.development.js:13336:11)
      at commitPassiveMountOnFiber 
(node_modules/react-dom/cjs/react-dom-client.development.js:15484:13)
      at recursivelyTraversePassiveMountEffects 
(node_modules/react-dom/cjs/react-dom-client.development.js:15439:11)
      at commitPassiveMountOnFiber 
(node_modules/react-dom/cjs/react-dom-client.development.js:15519:11)
      at flushPassiveEffects 
(node_modules/react-dom/cjs/react-dom-client.development.js:18432:9)
      at node_modules/react-dom/cjs/react-dom-client.development.js:17923:15
      at flushActQueue (node_modules/react/cjs/react.development.js:590:34)
      at Object.<anonymous>.process.env.NODE_ENV.exports.act 
(node_modules/react/cjs/react.development.js:884:10)
      at node_modules/@testing-library/react/dist/act-compat.js:46:25
      at renderRoot (node_modules/@testing-library/react/dist/pure.js:189:26)
      at render (node_modules/@testing-library/react/dist/pure.js:291:10)
      at Object.<anonymous> (src/pages/dashboards/StudentDashboard.test.js:234:11)

  ΓùÅ StudentDashboard ΓÇ║ signs out and navigates to home on Logout click

    TypeError: Cannot read properties of undefined (reading 'on')

    [0m [90m 114 |[39m
     [90m 115 |[39m     [36mconst[39m channel [33m=[39m supabase
    [31m[1m>[22m[39m[90m 116 |[39m       
[33m.[39mchannel([32m`unread-messages-${userId}`[39m)
     [90m     |[39m                                            [31m[1m^[22m[39m
     [90m 117 |[39m       [33m.[39mon(
     [90m 118 |[39m         [32m'postgres_changes'[39m[33m,[39m
     [90m 119 |[39m         { event[33m:[39m [32m'INSERT'[39m[33m,[39m 
schema[33m:[39m [32m'public'[39m[33m,[39m table[33m:[39m [32m'messages'[39m 
}[33m,[39m[0m

      at src/pages/dashboards/StudentDashboard.js:116:44
      at Object.react_stack_bottom_frame 
(node_modules/react-dom/cjs/react-dom-client.development.js:25989:20)
      at runWithFiberInDEV 
(node_modules/react-dom/cjs/react-dom-client.development.js:874:13)
      at commitHookEffectListMount 
(node_modules/react-dom/cjs/react-dom-client.development.js:13249:29)
      at commitHookPassiveMountEffects 
(node_modules/react-dom/cjs/react-dom-client.development.js:13336:11)
      at commitPassiveMountOnFiber 
(node_modules/react-dom/cjs/react-dom-client.development.js:15484:13)
      at recursivelyTraversePassiveMountEffects 
(node_modules/react-dom/cjs/react-dom-client.development.js:15439:11)
      at commitPassiveMountOnFiber 
(node_modules/react-dom/cjs/react-dom-client.development.js:15519:11)
      at flushPassiveEffects 
(node_modules/react-dom/cjs/react-dom-client.development.js:18432:9)
      at node_modules/react-dom/cjs/react-dom-client.development.js:17923:15
      at flushActQueue (node_modules/react/cjs/react.development.js:590:34)
      at Object.<anonymous>.process.env.NODE_ENV.exports.act 
(node_modules/react/cjs/react.development.js:884:10)
      at node_modules/@testing-library/react/dist/act-compat.js:46:25
      at renderRoot (node_modules/@testing-library/react/dist/pure.js:189:26)
      at render (node_modules/@testing-library/react/dist/pure.js:291:10)
      at Object.<anonymous> (src/pages/dashboards/StudentDashboard.test.js:252:11)

  ΓùÅ StudentDashboard ΓÇ║ shows empty state when no market listings match

    TypeError: Cannot read properties of undefined (reading 'on')

    [0m [90m 114 |[39m
     [90m 115 |[39m     [36mconst[39m channel [33m=[39m supabase
    [31m[1m>[22m[39m[90m 116 |[39m       
[33m.[39mchannel([32m`unread-messages-${userId}`[39m)
     [90m     |[39m                                            [31m[1m^[22m[39m
     [90m 117 |[39m       [33m.[39mon(
     [90m 118 |[39m         [32m'postgres_changes'[39m[33m,[39m
     [90m 119 |[39m         { event[33m:[39m [32m'INSERT'[39m[33m,[39m 
schema[33m:[39m [32m'public'[39m[33m,[39m table[33m:[39m [32m'messages'[39m 
}[33m,[39m[0m

      at src/pages/dashboards/StudentDashboard.js:116:44
      at Object.react_stack_bottom_frame 
(node_modules/react-dom/cjs/react-dom-client.development.js:25989:20)
      at runWithFiberInDEV 
(node_modules/react-dom/cjs/react-dom-client.development.js:874:13)
      at commitHookEffectListMount 
(node_modules/react-dom/cjs/react-dom-client.development.js:13249:29)
      at commitHookPassiveMountEffects 
(node_modules/react-dom/cjs/react-dom-client.development.js:13336:11)
      at commitPassiveMountOnFiber 
(node_modules/react-dom/cjs/react-dom-client.development.js:15484:13)
      at recursivelyTraversePassiveMountEffects 
(node_modules/react-dom/cjs/react-dom-client.development.js:15439:11)
      at commitPassiveMountOnFiber 
(node_modules/react-dom/cjs/react-dom-client.development.js:15519:11)
      at flushPassiveEffects 
(node_modules/react-dom/cjs/react-dom-client.development.js:18432:9)
      at node_modules/react-dom/cjs/react-dom-client.development.js:17923:15
      at flushActQueue (node_modules/react/cjs/react.development.js:590:34)
      at Object.<anonymous>.process.env.NODE_ENV.exports.act 
(node_modules/react/cjs/react.development.js:884:10)
      at node_modules/@testing-library/react/dist/act-compat.js:46:25
      at renderRoot (node_modules/@testing-library/react/dist/pure.js:189:26)
      at render (node_modules/@testing-library/react/dist/pure.js:291:10)
      at Object.<anonymous> (src/pages/dashboards/StudentDashboard.test.js:271:11)

  ΓùÅ StudentDashboard ΓÇ║ clears all filters when Clear Filters is clicked

    TypeError: Cannot read properties of undefined (reading 'on')

    [0m [90m 114 |[39m
     [90m 115 |[39m     [36mconst[39m channel [33m=[39m supabase
    [31m[1m>[22m[39m[90m 116 |[39m       
[33m.[39mchannel([32m`unread-messages-${userId}`[39m)
     [90m     |[39m                                            [31m[1m^[22m[39m
     [90m 117 |[39m       [33m.[39mon(
     [90m 118 |[39m         [32m'postgres_changes'[39m[33m,[39m
     [90m 119 |[39m         { event[33m:[39m [32m'INSERT'[39m[33m,[39m 
schema[33m:[39m [32m'public'[39m[33m,[39m table[33m:[39m [32m'messages'[39m 
}[33m,[39m[0m

      at src/pages/dashboards/StudentDashboard.js:116:44
      at Object.react_stack_bottom_frame 
(node_modules/react-dom/cjs/react-dom-client.development.js:25989:20)
      at runWithFiberInDEV 
(node_modules/react-dom/cjs/react-dom-client.development.js:874:13)
      at commitHookEffectListMount 
(node_modules/react-dom/cjs/react-dom-client.development.js:13249:29)
      at commitHookPassiveMountEffects 
(node_modules/react-dom/cjs/react-dom-client.development.js:13336:11)
      at commitPassiveMountOnFiber 
(node_modules/react-dom/cjs/react-dom-client.development.js:15484:13)
      at recursivelyTraversePassiveMountEffects 
(node_modules/react-dom/cjs/react-dom-client.development.js:15439:11)
      at commitPassiveMountOnFiber 
(node_modules/react-dom/cjs/react-dom-client.development.js:15519:11)
      at flushPassiveEffects 
(node_modules/react-dom/cjs/react-dom-client.development.js:18432:9)
      at node_modules/react-dom/cjs/react-dom-client.development.js:17923:15
      at flushActQueue (node_modules/react/cjs/react.development.js:590:34)
      at Object.<anonymous>.process.env.NODE_ENV.exports.act 
(node_modules/react/cjs/react.development.js:884:10)
      at node_modules/@testing-library/react/dist/act-compat.js:46:25
      at renderRoot (node_modules/@testing-library/react/dist/pure.js:189:26)
      at render (node_modules/@testing-library/react/dist/pure.js:291:10)
      at Object.<anonymous> (src/pages/dashboards/StudentDashboard.test.js:279:11)

  ΓùÅ StudentDashboard ΓÇ║ shows the role acceptance popup when there is an approved 
application

    TypeError: Cannot read properties of undefined (reading 'on')

    [0m [90m 114 |[39m
     [90m 115 |[39m     [36mconst[39m channel [33m=[39m supabase
    [31m[1m>[22m[39m[90m 116 |[39m       
[33m.[39mchannel([32m`unread-messages-${userId}`[39m)
     [90m     |[39m                                            [31m[1m^[22m[39m
     [90m 117 |[39m       [33m.[39mon(
     [90m 118 |[39m         [32m'postgres_changes'[39m[33m,[39m
     [90m 119 |[39m         { event[33m:[39m [32m'INSERT'[39m[33m,[39m 
schema[33m:[39m [32m'public'[39m[33m,[39m table[33m:[39m [32m'messages'[39m 
}[33m,[39m[0m

      at src/pages/dashboards/StudentDashboard.js:116:44
      at Object.react_stack_bottom_frame 
(node_modules/react-dom/cjs/react-dom-client.development.js:25989:20)
      at runWithFiberInDEV 
(node_modules/react-dom/cjs/react-dom-client.development.js:874:13)
      at commitHookEffectListMount 
(node_modules/react-dom/cjs/react-dom-client.development.js:13249:29)
      at commitHookPassiveMountEffects 
(node_modules/react-dom/cjs/react-dom-client.development.js:13336:11)
      at commitPassiveMountOnFiber 
(node_modules/react-dom/cjs/react-dom-client.development.js:15484:13)
      at recursivelyTraversePassiveMountEffects 
(node_modules/react-dom/cjs/react-dom-client.development.js:15439:11)
      at commitPassiveMountOnFiber 
(node_modules/react-dom/cjs/react-dom-client.development.js:15519:11)
      at flushPassiveEffects 
(node_modules/react-dom/cjs/react-dom-client.development.js:18432:9)
      at node_modules/react-dom/cjs/react-dom-client.development.js:17923:15
      at flushActQueue (node_modules/react/cjs/react.development.js:590:34)
      at Object.<anonymous>.process.env.NODE_ENV.exports.act 
(node_modules/react/cjs/react.development.js:884:10)
      at node_modules/@testing-library/react/dist/act-compat.js:46:25
      at renderRoot (node_modules/@testing-library/react/dist/pure.js:189:26)
      at render (node_modules/@testing-library/react/dist/pure.js:291:10)
      at Object.<anonymous> (src/pages/dashboards/StudentDashboard.test.js:305:11)

  ΓùÅ StudentDashboard ΓÇ║ dismisses the role popup when LATER is clicked

    TypeError: Cannot read properties of undefined (reading 'on')

    [0m [90m 114 |[39m
     [90m 115 |[39m     [36mconst[39m channel [33m=[39m supabase
    [31m[1m>[22m[39m[90m 116 |[39m       
[33m.[39mchannel([32m`unread-messages-${userId}`[39m)
     [90m     |[39m                                            [31m[1m^[22m[39m
     [90m 117 |[39m       [33m.[39mon(
     [90m 118 |[39m         [32m'postgres_changes'[39m[33m,[39m
     [90m 119 |[39m         { event[33m:[39m [32m'INSERT'[39m[33m,[39m 
schema[33m:[39m [32m'public'[39m[33m,[39m table[33m:[39m [32m'messages'[39m 
}[33m,[39m[0m

      at src/pages/dashboards/StudentDashboard.js:116:44
      at Object.react_stack_bottom_frame 
(node_modules/react-dom/cjs/react-dom-client.development.js:25989:20)
      at runWithFiberInDEV 
(node_modules/react-dom/cjs/react-dom-client.development.js:874:13)
      at commitHookEffectListMount 
(node_modules/react-dom/cjs/react-dom-client.development.js:13249:29)
      at commitHookPassiveMountEffects 
(node_modules/react-dom/cjs/react-dom-client.development.js:13336:11)
      at commitPassiveMountOnFiber 
(node_modules/react-dom/cjs/react-dom-client.development.js:15484:13)
      at recursivelyTraversePassiveMountEffects 
(node_modules/react-dom/cjs/react-dom-client.development.js:15439:11)
      at commitPassiveMountOnFiber 
(node_modules/react-dom/cjs/react-dom-client.development.js:15519:11)
      at flushPassiveEffects 
(node_modules/react-dom/cjs/react-dom-client.development.js:18432:9)
      at node_modules/react-dom/cjs/react-dom-client.development.js:17923:15
      at flushActQueue (node_modules/react/cjs/react.development.js:590:34)
      at Object.<anonymous>.process.env.NODE_ENV.exports.act 
(node_modules/react/cjs/react.development.js:884:10)
      at node_modules/@testing-library/react/dist/act-compat.js:46:25
      at renderRoot (node_modules/@testing-library/react/dist/pure.js:189:26)
      at render (node_modules/@testing-library/react/dist/pure.js:291:10)
      at Object.<anonymous> (src/pages/dashboards/StudentDashboard.test.js:322:11)

  ΓùÅ StudentDashboard ΓÇ║ shows the unread message badge when there are unread messages

    TypeError: Cannot read properties of undefined (reading 'on')

    [0m [90m 114 |[39m
     [90m 115 |[39m     [36mconst[39m channel [33m=[39m supabase
    [31m[1m>[22m[39m[90m 116 |[39m       
[33m.[39mchannel([32m`unread-messages-${userId}`[39m)
     [90m     |[39m                                            [31m[1m^[22m[39m
     [90m 117 |[39m       [33m.[39mon(
     [90m 118 |[39m         [32m'postgres_changes'[39m[33m,[39m
     [90m 119 |[39m         { event[33m:[39m [32m'INSERT'[39m[33m,[39m 
schema[33m:[39m [32m'public'[39m[33m,[39m table[33m:[39m [32m'messages'[39m 
}[33m,[39m[0m

      at src/pages/dashboards/StudentDashboard.js:116:44
      at Object.react_stack_bottom_frame 
(node_modules/react-dom/cjs/react-dom-client.development.js:25989:20)
      at runWithFiberInDEV 
(node_modules/react-dom/cjs/react-dom-client.development.js:874:13)
      at commitHookEffectListMount 
(node_modules/react-dom/cjs/react-dom-client.development.js:13249:29)
      at commitHookPassiveMountEffects 
(node_modules/react-dom/cjs/react-dom-client.development.js:13336:11)
      at commitPassiveMountOnFiber 
(node_modules/react-dom/cjs/react-dom-client.development.js:15484:13)
      at recursivelyTraversePassiveMountEffects 
(node_modules/react-dom/cjs/react-dom-client.development.js:15439:11)
      at commitPassiveMountOnFiber 
(node_modules/react-dom/cjs/react-dom-client.development.js:15519:11)
      at flushPassiveEffects 
(node_modules/react-dom/cjs/react-dom-client.development.js:18432:9)
      at node_modules/react-dom/cjs/react-dom-client.development.js:17923:15
      at flushActQueue (node_modules/react/cjs/react.development.js:590:34)
      at Object.<anonymous>.process.env.NODE_ENV.exports.act 
(node_modules/react/cjs/react.development.js:884:10)
      at node_modules/@testing-library/react/dist/act-compat.js:46:25
      at renderRoot (node_modules/@testing-library/react/dist/pure.js:189:26)
      at render (node_modules/@testing-library/react/dist/pure.js:291:10)
      at Object.<anonymous> (src/pages/dashboards/StudentDashboard.test.js:336:11)

FAIL src/App.test.js
  ΓùÅ Test suite failed to run

    ReferenceError: TextEncoder is not defined

    [0m [90m  9 |[39m } [36mfrom[39m [32m'lucide-react'[39m[33m;[39m
     [90m 10 |[39m [36mimport[39m { useNavigate } [36mfrom[39m 
[32m'react-router-dom'[39m[33m;[39m
    [31m[1m>[22m[39m[90m 11 |[39m [36mimport[39m jsPDF [36mfrom[39m 
[32m'jspdf'[39m[33m;[39m
     [90m    |[39m [31m[1m^[22m[39m
     [90m 12 |[39m [36mimport[39m [32m'jspdf-autotable'[39m[33m;[39m
     [90m 13 |[39m [36mimport[39m [32m'./Analytics.css'[39m[33m;[39m [90m// 
IMPORTING THE NEW UNIQUE CSS[39m
     [90m 14 |[39m[0m

      at Object.<anonymous> (node_modules/iobuffer/src/text.ts:6:17)
      at Object.<anonymous> (node_modules/iobuffer/src/IOBuffer.ts:1:1)
      at Object.<anonymous> (node_modules/fast-png/src/PngDecoder.ts:1:1)
      at Object.<anonymous> (node_modules/fast-png/src/index.ts:1:1)
      at Object.<anonymous> (node_modules/jspdf/dist/jspdf.node.min.js:51:82)
      at Object.<anonymous> (src/pages/dashboards/Analytics.js:11:1)
      at Object.<anonymous> (src/App.js:6:1)
      at Object.<anonymous> (src/App.test.js:3:1)
      at TestScheduler.scheduleTests 
(node_modules/@jest/core/build/TestScheduler.js:333:13)
      at runJest (node_modules/@jest/core/build/runJest.js:404:19)
      at _run10000 (node_modules/@jest/core/build/cli/index.js:320:7)
      at runCLI (node_modules/@jest/core/build/cli/index.js:173:3)


Test Suites: 4 failed, 21 passed, 25 total
Tests:       17 failed, 134 passed, 151 total
Snapshots:   0 total
Time:        26.877 s, estimated 43 s
Ran all test suites.
